11:29:58 **** Incremental Build of configuration Debug for project AdvancedConceptsProject ****
make -j16 all 
arm-none-eabi-size  AdvancedConceptsProject.elf 
   text	   data	    bss	    dec	    hex	filename
  83780	    716	  30644	 115140	  1c1c4	AdvancedConceptsProject.elf
Finished building: default.size.stdout
 
11:30:08 **** Clean-only build of configuration Debug for project AdvancedConceptsProject ****
make -j16 clean 
rm -rf ./USB_DEVICE/Target/usbd_conf.cyclo ./USB_DEVICE/Target/usbd_conf.d ./USB_DEVICE/Target/usbd_conf.o ./USB_DEVICE/Target/usbd_conf.su
rm -rf ./USB_DEVICE/App/usb_device.cyclo ./USB_DEVICE/App/usb_device.d ./USB_DEVICE/App/usb_device.o ./USB_DEVICE/App/usb_device.su ./USB_DEVICE/App/usbd_cdc_if.cyclo ./USB_DEVICE/App/usbd_cdc_if.d ./USB_DEVICE/App/usbd_cdc_if.o ./USB_DEVICE/App/usbd_cdc_if.su ./USB_DEVICE/App/usbd_desc.cyclo ./USB_DEVICE/App/usbd_desc.d ./USB_DEVICE/App/usbd_desc.o ./USB_DEVICE/App/usbd_desc.su
rm -rf ./ThirdParty/FreeRTOS/portable/MemMang/heap_4.cyclo ./ThirdParty/FreeRTOS/portable/MemMang/heap_4.d ./ThirdParty/FreeRTOS/portable/MemMang/heap_4.o ./ThirdParty/FreeRTOS/portable/MemMang/heap_4.su
rm -rf ./ThirdParty/FreeRTOS/portable/GCC/ARM_CM4F/port.cyclo ./ThirdParty/FreeRTOS/portable/GCC/ARM_CM4F/port.d ./ThirdParty/FreeRTOS/portable/GCC/ARM_CM4F/port.o ./ThirdParty/FreeRTOS/portable/GCC/ARM_CM4F/port.su
rm -rf ./ThirdParty/FreeRTOS/croutine.cyclo ./ThirdParty/FreeRTOS/croutine.d ./ThirdParty/FreeRTOS/croutine.o ./ThirdParty/FreeRTOS/croutine.su ./ThirdParty/FreeRTOS/event_groups.cyclo ./ThirdParty/FreeRTOS/event_groups.d ./ThirdParty/FreeRTOS/event_groups.o ./ThirdParty/FreeRTOS/event_groups.su ./ThirdParty/FreeRTOS/list.cyclo ./ThirdParty/FreeRTOS/list.d ./ThirdParty/FreeRTOS/list.o ./ThirdParty/FreeRTOS/list.su ./ThirdParty/FreeRTOS/queue.cyclo ./ThirdParty/FreeRTOS/queue.d ./ThirdParty/FreeRTOS/queue.o ./ThirdParty/FreeRTOS/queue.su ./ThirdParty/FreeRTOS/stream_buffer.cyclo ./ThirdParty/FreeRTOS/stream_buffer.d ./ThirdParty/FreeRTOS/stream_buffer.o ./ThirdParty/FreeRTOS/stream_buffer.su ./ThirdParty/FreeRTOS/tasks.cyclo ./ThirdParty/FreeRTOS/tasks.d ./ThirdParty/FreeRTOS/tasks.o ./ThirdParty/FreeRTOS/tasks.su ./ThirdParty/FreeRTOS/timers.cyclo ./ThirdParty/FreeRTOS/timers.d ./ThirdParty/FreeRTOS/timers.o ./ThirdParty/FreeRTOS/timers.su
rm -rf ./Middlewares/ST/STM32_USB_Device_Library/Core/Src/usbd_core.cyclo ./Middlewares/ST/STM32_USB_Device_Library/Core/Src/usbd_core.d ./Middlewares/ST/STM32_USB_Device_Library/Core/Src/usbd_core.o ./Middlewares/ST/STM32_USB_Device_Library/Core/Src/usbd_core.su ./Middlewares/ST/STM32_USB_Device_Library/Core/Src/usbd_ctlreq.cyclo ./Middlewares/ST/STM32_USB_Device_Library/Core/Src/usbd_ctlreq.d ./Middlewares/ST/STM32_USB_Device_Library/Core/Src/usbd_ctlreq.o ./Middlewares/ST/STM32_USB_Device_Library/Core/Src/usbd_ctlreq.su ./Middlewares/ST/STM32_USB_Device_Library/Core/Src/usbd_ioreq.cyclo ./Middlewares/ST/STM32_USB_Device_Library/Core/Src/usbd_ioreq.d ./Middlewares/ST/STM32_USB_Device_Library/Core/Src/usbd_ioreq.o ./Middlewares/ST/STM32_USB_Device_Library/Core/Src/usbd_ioreq.su
rm -rf ./Middlewares/ST/STM32_USB_Device_Library/Class/CDC/Src/usbd_cdc.cyclo ./Middlewares/ST/STM32_USB_Device_Library/Class/CDC/Src/usbd_cdc.d ./Middlewares/ST/STM32_USB_Device_Library/Class/CDC/Src/usbd_cdc.o ./Middlewares/ST/STM32_USB_Device_Library/Class/CDC/Src/usbd_cdc.su
rm -rf ./Drivers/STM32F4xx_HAL_Driver/Src/stm32f4xx_hal.cyclo ./Drivers/STM32F4xx_HAL_Driver/Src/stm32f4xx_hal.d ./Drivers/STM32F4xx_HAL_Driver/Src/stm32f4xx_hal.o ./Drivers/STM32F4xx_HAL_Driver/Src/stm32f4xx_hal.su ./Drivers/STM32F4xx_HAL_Driver/Src/stm32f4xx_hal_adc.cyclo ./Drivers/STM32F4xx_HAL_Driver/Src/stm32f4xx_hal_adc.d ./Drivers/STM32F4xx_HAL_Driver/Src/stm32f4xx_hal_adc.o ./Drivers/STM32F4xx_HAL_Driver/Src/stm32f4xx_hal_adc.su ./Drivers/STM32F4xx_HAL_Driver/Src/stm32f4xx_hal_adc_ex.cyclo ./Drivers/STM32F4xx_HAL_Driver/Src/stm32f4xx_hal_adc_ex.d ./Drivers/STM32F4xx_HAL_Driver/Src/stm32f4xx_hal_adc_ex.o ./Drivers/STM32F4xx_HAL_Driver/Src/stm32f4xx_hal_adc_ex.su ./Drivers/STM32F4xx_HAL_Driver/Src/stm32f4xx_hal_cortex.cyclo ./Drivers/STM32F4xx_HAL_Driver/Src/stm32f4xx_hal_cortex.d ./Drivers/STM32F4xx_HAL_Driver/Src/stm32f4xx_hal_cortex.o ./Drivers/STM32F4xx_HAL_Driver/Src/stm32f4xx_hal_cortex.su ./Drivers/STM32F4xx_HAL_Driver/Src/stm32f4xx_hal_dma.cyclo ./Drivers/STM32F4xx_HAL_Driver/Src/stm32f4xx_hal_dma.d ./Drivers/STM32F4xx_HAL_Driver/Src/stm32f4xx_hal_dma.o ./Drivers/STM32F4xx_HAL_Driver/Src/stm32f4xx_hal_dma.su ./Drivers/STM32F4xx_HAL_Driver/Src/stm32f4xx_hal_dma_ex.cyclo ./Drivers/STM32F4xx_HAL_Driver/Src/stm32f4xx_hal_dma_ex.d ./Drivers/STM32F4xx_HAL_Driver/Src/stm32f4xx_hal_dma_ex.o ./Drivers/STM32F4xx_HAL_Driver/Src/stm32f4xx_hal_dma_ex.su ./Drivers/STM32F4xx_HAL_Driver/Src/stm32f4xx_hal_exti.cyclo ./Drivers/STM32F4xx_HAL_Driver/Src/stm32f4xx_hal_exti.d ./Drivers/STM32F4xx_HAL_Driver/Src/stm32f4xx_hal_exti.o ./Drivers/STM32F4xx_HAL_Driver/Src/stm32f4xx_hal_exti.su ./Drivers/STM32F4xx_HAL_Driver/Src/stm32f4xx_hal_flash.cyclo ./Drivers/STM32F4xx_HAL_Driver/Src/stm32f4xx_hal_flash.d ./Drivers/STM32F4xx_HAL_Driver/Src/stm32f4xx_hal_flash.o ./Drivers/STM32F4xx_HAL_Driver/Src/stm32f4xx_hal_flash.su ./Drivers/STM32F4xx_HAL_Driver/Src/stm32f4xx_hal_flash_ex.cyclo ./Drivers/STM32F4xx_HAL_Driver/Src/stm32f4xx_hal_flash_ex.d ./Drivers/STM32F4xx_HAL_Driver/Src/stm32f4xx_hal_flash_ex.o ./Drivers/STM32F4xx_HAL_Driver/Src/stm32f4xx_hal_flash_ex.su ./Drivers/STM32F4xx_HAL_Driver/Src/stm32f4xx_hal_flash_ramfunc.cyclo ./Drivers/STM32F4xx_HAL_Driver/Src/stm32f4xx_hal_flash_ramfunc.d ./Drivers/STM32F4xx_HAL_Driver/Src/stm32f4xx_hal_flash_ramfunc.o ./Drivers/STM32F4xx_HAL_Driver/Src/stm32f4xx_hal_flash_ramfunc.su ./Drivers/STM32F4xx_HAL_Driver/Src/stm32f4xx_hal_gpio.cyclo ./Drivers/STM32F4xx_HAL_Driver/Src/stm32f4xx_hal_gpio.d ./Drivers/STM32F4xx_HAL_Driver/Src/stm32f4xx_hal_gpio.o ./Drivers/STM32F4xx_HAL_Driver/Src/stm32f4xx_hal_gpio.su ./Drivers/STM32F4xx_HAL_Driver/Src/stm32f4xx_hal_i2c.cyclo ./Drivers/STM32F4xx_HAL_Driver/Src/stm32f4xx_hal_i2c.d ./Drivers/STM32F4xx_HAL_Driver/Src/stm32f4xx_hal_i2c.o ./Drivers/STM32F4xx_HAL_Driver/Src/stm32f4xx_hal_i2c.su ./Drivers/STM32F4xx_HAL_Driver/Src/stm32f4xx_hal_i2c_ex.cyclo ./Drivers/STM32F4xx_HAL_Driver/Src/stm32f4xx_hal_i2c_ex.d ./Drivers/STM32F4xx_HAL_Driver/Src/stm32f4xx_hal_i2c_ex.o ./Drivers/STM32F4xx_HAL_Driver/Src/stm32f4xx_hal_i2c_ex.su ./Drivers/STM32F4xx_HAL_Driver/Src/stm32f4xx_hal_iwdg.cyclo ./Drivers/STM32F4xx_HAL_Driver/Src/stm32f4xx_hal_iwdg.d ./Drivers/STM32F4xx_HAL_Driver/Src/stm32f4xx_hal_iwdg.o ./Drivers/STM32F4xx_HAL_Driver/Src/stm32f4xx_hal_iwdg.su ./Drivers/STM32F4xx_HAL_Driver/Src/stm32f4xx_hal_pcd.cyclo ./Drivers/STM32F4xx_HAL_Driver/Src/stm32f4xx_hal_pcd.d ./Drivers/STM32F4xx_HAL_Driver/Src/stm32f4xx_hal_pcd.o ./Drivers/STM32F4xx_HAL_Driver/Src/stm32f4xx_hal_pcd.su ./Drivers/STM32F4xx_HAL_Driver/Src/stm32f4xx_hal_pcd_ex.cyclo ./Drivers/STM32F4xx_HAL_Driver/Src/stm32f4xx_hal_pcd_ex.d ./Drivers/STM32F4xx_HAL_Driver/Src/stm32f4xx_hal_pcd_ex.o ./Drivers/STM32F4xx_HAL_Driver/Src/stm32f4xx_hal_pcd_ex.su ./Drivers/STM32F4xx_HAL_Driver/Src/stm32f4xx_hal_pwr.cyclo ./Drivers/STM32F4xx_HAL_Driver/Src/stm32f4xx_hal_pwr.d ./Drivers/STM32F4xx_HAL_Driver/Src/stm32f4xx_hal_pwr.o ./Drivers/STM32F4xx_HAL_Driver/Src/stm32f4xx_hal_pwr.su ./Drivers/STM32F4xx_HAL_Driver/Src/stm32f4xx_hal_pwr_ex.cyclo ./Drivers/STM32F4xx_HAL_Driver/Src/stm32f4xx_hal_pwr_ex.d ./Drivers/STM32F4xx_HAL_Driver/Src/stm32f4xx_hal_pwr_ex.o ./Drivers/STM32F4xx_HAL_Driver/Src/stm32f4xx_hal_pwr_ex.su ./Drivers/STM32F4xx_HAL_Driver/Src/stm32f4xx_hal_rcc.cyclo ./Drivers/STM32F4xx_HAL_Driver/Src/stm32f4xx_hal_rcc.d ./Drivers/STM32F4xx_HAL_Driver/Src/stm32f4xx_hal_rcc.o ./Drivers/STM32F4xx_HAL_Driver/Src/stm32f4xx_hal_rcc.su ./Drivers/STM32F4xx_HAL_Driver/Src/stm32f4xx_hal_rcc_ex.cyclo ./Drivers/STM32F4xx_HAL_Driver/Src/stm32f4xx_hal_rcc_ex.d ./Drivers/STM32F4xx_HAL_Driver/Src/stm32f4xx_hal_rcc_ex.o ./Drivers/STM32F4xx_HAL_Driver/Src/stm32f4xx_hal_rcc_ex.su ./Drivers/STM32F4xx_HAL_Driver/Src/stm32f4xx_hal_rtc.cyclo ./Drivers/STM32F4xx_HAL_Driver/Src/stm32f4xx_hal_rtc.d ./Drivers/STM32F4xx_HAL_Driver/Src/stm32f4xx_hal_rtc.o ./Drivers/STM32F4xx_HAL_Driver/Src/stm32f4xx_hal_rtc.su ./Drivers/STM32F4xx_HAL_Driver/Src/stm32f4xx_hal_rtc_ex.cyclo ./Drivers/STM32F4xx_HAL_Driver/Src/stm32f4xx_hal_rtc_ex.d ./Drivers/STM32F4xx_HAL_Driver/Src/stm32f4xx_hal_rtc_ex.o ./Drivers/STM32F4xx_HAL_Driver/Src/stm32f4xx_hal_rtc_ex.su ./Drivers/STM32F4xx_HAL_Driver/Src/stm32f4xx_hal_tim.cyclo ./Drivers/STM32F4xx_HAL_Driver/Src/stm32f4xx_hal_tim.d ./Drivers/STM32F4xx_HAL_Driver/Src/stm32f4xx_hal_tim.o ./Drivers/STM32F4xx_HAL_Driver/Src/stm32f4xx_hal_tim.su ./Drivers/STM32F4xx_HAL_Driver/Src/stm32f4xx_hal_tim_ex.cyclo ./Drivers/STM32F4xx_HAL_Driver/Src/stm32f4xx_hal_tim_ex.d ./Drivers/STM32F4xx_HAL_Driver/Src/stm32f4xx_hal_tim_ex.o ./Drivers/STM32F4xx_HAL_Driver/Src/stm32f4xx_hal_tim_ex.su ./Drivers/STM32F4xx_HAL_Driver/Src/stm32f4xx_hal_uart.cyclo ./Drivers/STM32F4xx_HAL_Driver/Src/stm32f4xx_hal_uart.d ./Drivers/STM32F4xx_HAL_Driver/Src/stm32f4xx_hal_uart.o ./Drivers/STM32F4xx_HAL_Driver/Src/stm32f4xx_hal_uart.su ./Drivers/STM32F4xx_HAL_Driver/Src/stm32f4xx_ll_adc.cyclo ./Drivers/STM32F4xx_HAL_Driver/Src/stm32f4xx_ll_adc.d ./Drivers/STM32F4xx_HAL_Driver/Src/stm32f4xx_ll_adc.o
rm -rf ./Core/Startup/startup_stm32f401retx.d ./Core/Startup/startup_stm32f401retx.o
rm -rf ./Core/Src/Utility/circular_buffer.cyclo ./Core/Src/Utility/circular_buffer.d ./Core/Src/Utility/circular_buffer.o ./Core/Src/Utility/circular_buffer.su ./Core/Src/Utility/logging.cyclo ./Core/Src/Utility/logging.d ./Core/Src/Utility/logging.o ./Core/Src/Utility/logging.su
rm -rf ./Core/Src/SensorDrivers/sht4x.cyclo ./Core/Src/SensorDrivers/sht4x.d ./Core/Src/SensorDrivers/sht4x.o ./Core/Src/SensorDrivers/sht4x.su
rm -rf ./Core/Src/Platform/hardware_init.cyclo ./Core/Src/Platform/hardware_init.d ./Core/Src/Platform/hardware_init.o ./Core/Src/Platform/hardware_init.su ./Core/Src/Platform/stm32f4xx_hal_msp.cyclo ./Core/Src/Platform/stm32f4xx_hal_msp.d ./Core/Src/Platform/stm32f4xx_hal_msp.o ./Core/Src/Platform/stm32f4xx_hal_msp.su ./Core/Src/Platform/stm32f4xx_hal_timebase_tim.cyclo ./Core/Src/Platform/stm32f4xx_hal_timebase_tim.d ./Core/Src/Platform/stm32f4xx_hal_timebase_tim.o ./Core/Src/Platform/stm32f4xx_hal_timebase_tim.su ./Core/Src/Platform/syscalls.cyclo ./Core/Src/Platform/syscalls.d ./Core/Src/Platform/syscalls.o ./Core/Src/Platform/syscalls.su ./Core/Src/Platform/system_stm32f4xx.cyclo ./Core/Src/Platform/system_stm32f4xx.d ./Core/Src/Platform/system_stm32f4xx.o ./Core/Src/Platform/system_stm32f4xx.su
rm -rf ./Core/Src/interrupt_handlers.cyclo ./Core/Src/interrupt_handlers.d ./Core/Src/interrupt_handlers.o ./Core/Src/interrupt_handlers.su ./Core/Src/main_app.cyclo ./Core/Src/main_app.d ./Core/Src/main_app.o ./Core/Src/main_app.su
rm -rf ./Drivers/STM32F4xx_HAL_Driver/Src/stm32f4xx_ll_adc.su ./Drivers/STM32F4xx_HAL_Driver/Src/stm32f4xx_ll_usb.cyclo ./Drivers/STM32F4xx_HAL_Driver/Src/stm32f4xx_ll_usb.d ./Drivers/STM32F4xx_HAL_Driver/Src/stm32f4xx_ll_usb.o ./Drivers/STM32F4xx_HAL_Driver/Src/stm32f4xx_ll_usb.su
rm -rf AdvancedConceptsProject.elf AdvancedConceptsProject.list AdvancedConceptsProject.map default.size.stdout
 
11:30:08 **** Build of configuration Debug for project AdvancedConceptsProject ****
make -j16 all 
arm-none-eabi-gcc "../USB_DEVICE/Target/usbd_conf.c" -mcpu=cortex-m4 -std=gnu11 -g3 -DDEBUG -DUSE_HAL_DRIVER -DSTM32F401xE -c -I../Core/Inc -I"C:/Users/AhmedAli/Desktop/New folder/EDGE/AdvancedConceptsProject/ThirdParty/FreeRTOS/include" -I"C:/Users/AhmedAli/Desktop/New folder/EDGE/AdvancedConceptsProject/ThirdParty/FreeRTOS/portable/GCC/ARM_CM4F" -I"C:/Users/AhmedAli/Desktop/New folder/EDGE/AdvancedConceptsProject/ThirdParty/FreeRTOS" -I../Drivers/STM32F4xx_HAL_Driver/Inc -I../Drivers/STM32F4xx_HAL_Driver/Inc/Legacy -I../Drivers/CMSIS/Device/ST/STM32F4xx/Include -I../Drivers/CMSIS/Include -I../USB_DEVICE/App -I../USB_DEVICE/Target -I../Middlewares/ST/STM32_USB_Device_Library/Core/Inc -I../Middlewares/ST/STM32_USB_Device_Library/Class/CDC/Inc -O0 -ffunction-sections -fdata-sections -Wall -fstack-usage -fcyclomatic-complexity -MMD -MP -MF"USB_DEVICE/Target/usbd_conf.d" -MT"USB_DEVICE/Target/usbd_conf.o" --specs=nano.specs -mfpu=fpv4-sp-d16 -mfloat-abi=hard -mthumb -o "USB_DEVICE/Target/usbd_conf.o"
arm-none-eabi-gcc "../USB_DEVICE/App/usb_device.c" -mcpu=cortex-m4 -std=gnu11 -g3 -DDEBUG -DUSE_HAL_DRIVER -DSTM32F401xE -c -I../Core/Inc -I"C:/Users/AhmedAli/Desktop/New folder/EDGE/AdvancedConceptsProject/ThirdParty/FreeRTOS/include" -I"C:/Users/AhmedAli/Desktop/New folder/EDGE/AdvancedConceptsProject/ThirdParty/FreeRTOS/portable/GCC/ARM_CM4F" -I"C:/Users/AhmedAli/Desktop/New folder/EDGE/AdvancedConceptsProject/ThirdParty/FreeRTOS" -I../Drivers/STM32F4xx_HAL_Driver/Inc -I../Drivers/STM32F4xx_HAL_Driver/Inc/Legacy -I../Drivers/CMSIS/Device/ST/STM32F4xx/Include -I../Drivers/CMSIS/Include -I../USB_DEVICE/App -I../USB_DEVICE/Target -I../Middlewares/ST/STM32_USB_Device_Library/Core/Inc -I../Middlewares/ST/STM32_USB_Device_Library/Class/CDC/Inc -O0 -ffunction-sections -fdata-sections -Wall -fstack-usage -fcyclomatic-complexity -MMD -MP -MF"USB_DEVICE/App/usb_device.d" -MT"USB_DEVICE/App/usb_device.o" --specs=nano.specs -mfpu=fpv4-sp-d16 -mfloat-abi=hard -mthumb -o "USB_DEVICE/App/usb_device.o"
arm-none-eabi-gcc "../USB_DEVICE/App/usbd_cdc_if.c" -mcpu=cortex-m4 -std=gnu11 -g3 -DDEBUG -DUSE_HAL_DRIVER -DSTM32F401xE -c -I../Core/Inc -I"C:/Users/AhmedAli/Desktop/New folder/EDGE/AdvancedConceptsProject/ThirdParty/FreeRTOS/include" -I"C:/Users/AhmedAli/Desktop/New folder/EDGE/AdvancedConceptsProject/ThirdParty/FreeRTOS/portable/GCC/ARM_CM4F" -I"C:/Users/AhmedAli/Desktop/New folder/EDGE/AdvancedConceptsProject/ThirdParty/FreeRTOS" -I../Drivers/STM32F4xx_HAL_Driver/Inc -I../Drivers/STM32F4xx_HAL_Driver/Inc/Legacy -I../Drivers/CMSIS/Device/ST/STM32F4xx/Include -I../Drivers/CMSIS/Include -I../USB_DEVICE/App -I../USB_DEVICE/Target -I../Middlewares/ST/STM32_USB_Device_Library/Core/Inc -I../Middlewares/ST/STM32_USB_Device_Library/Class/CDC/Inc -O0 -ffunction-sections -fdata-sections -Wall -fstack-usage -fcyclomatic-complexity -MMD -MP -MF"USB_DEVICE/App/usbd_cdc_if.d" -MT"USB_DEVICE/App/usbd_cdc_if.o" --specs=nano.specs -mfpu=fpv4-sp-d16 -mfloat-abi=hard -mthumb -o "USB_DEVICE/App/usbd_cdc_if.o"
arm-none-eabi-gcc "../USB_DEVICE/App/usbd_desc.c" -mcpu=cortex-m4 -std=gnu11 -g3 -DDEBUG -DUSE_HAL_DRIVER -DSTM32F401xE -c -I../Core/Inc -I"C:/Users/AhmedAli/Desktop/New folder/EDGE/AdvancedConceptsProject/ThirdParty/FreeRTOS/include" -I"C:/Users/AhmedAli/Desktop/New folder/EDGE/AdvancedConceptsProject/ThirdParty/FreeRTOS/portable/GCC/ARM_CM4F" -I"C:/Users/AhmedAli/Desktop/New folder/EDGE/AdvancedConceptsProject/ThirdParty/FreeRTOS" -I../Drivers/STM32F4xx_HAL_Driver/Inc -I../Drivers/STM32F4xx_HAL_Driver/Inc/Legacy -I../Drivers/CMSIS/Device/ST/STM32F4xx/Include -I../Drivers/CMSIS/Include -I../USB_DEVICE/App -I../USB_DEVICE/Target -I../Middlewares/ST/STM32_USB_Device_Library/Core/Inc -I../Middlewares/ST/STM32_USB_Device_Library/Class/CDC/Inc -O0 -ffunction-sections -fdata-sections -Wall -fstack-usage -fcyclomatic-complexity -MMD -MP -MF"USB_DEVICE/App/usbd_desc.d" -MT"USB_DEVICE/App/usbd_desc.o" --specs=nano.specs -mfpu=fpv4-sp-d16 -mfloat-abi=hard -mthumb -o "USB_DEVICE/App/usbd_desc.o"
arm-none-eabi-gcc "../ThirdParty/FreeRTOS/portable/MemMang/heap_4.c" -mcpu=cortex-m4 -std=gnu11 -g3 -DDEBUG -DUSE_HAL_DRIVER -DSTM32F401xE -c -I../Core/Inc -I"C:/Users/AhmedAli/Desktop/New folder/EDGE/AdvancedConceptsProject/ThirdParty/FreeRTOS/include" -I"C:/Users/AhmedAli/Desktop/New folder/EDGE/AdvancedConceptsProject/ThirdParty/FreeRTOS/portable/GCC/ARM_CM4F" -I"C:/Users/AhmedAli/Desktop/New folder/EDGE/AdvancedConceptsProject/ThirdParty/FreeRTOS" -I../Drivers/STM32F4xx_HAL_Driver/Inc -I../Drivers/STM32F4xx_HAL_Driver/Inc/Legacy -I../Drivers/CMSIS/Device/ST/STM32F4xx/Include -I../Drivers/CMSIS/Include -I../USB_DEVICE/App -I../USB_DEVICE/Target -I../Middlewares/ST/STM32_USB_Device_Library/Core/Inc -I../Middlewares/ST/STM32_USB_Device_Library/Class/CDC/Inc -O0 -ffunction-sections -fdata-sections -Wall -fstack-usage -fcyclomatic-complexity -MMD -MP -MF"ThirdParty/FreeRTOS/portable/MemMang/heap_4.d" -MT"ThirdParty/FreeRTOS/portable/MemMang/heap_4.o" --specs=nano.specs -mfpu=fpv4-sp-d16 -mfloat-abi=hard -mthumb -o "ThirdParty/FreeRTOS/portable/MemMang/heap_4.o"
arm-none-eabi-gcc "../ThirdParty/FreeRTOS/portable/GCC/ARM_CM4F/port.c" -mcpu=cortex-m4 -std=gnu11 -g3 -DDEBUG -DUSE_HAL_DRIVER -DSTM32F401xE -c -I../Core/Inc -I"C:/Users/AhmedAli/Desktop/New folder/EDGE/AdvancedConceptsProject/ThirdParty/FreeRTOS/include" -I"C:/Users/AhmedAli/Desktop/New folder/EDGE/AdvancedConceptsProject/ThirdParty/FreeRTOS/portable/GCC/ARM_CM4F" -I"C:/Users/AhmedAli/Desktop/New folder/EDGE/AdvancedConceptsProject/ThirdParty/FreeRTOS" -I../Drivers/STM32F4xx_HAL_Driver/Inc -I../Drivers/STM32F4xx_HAL_Driver/Inc/Legacy -I../Drivers/CMSIS/Device/ST/STM32F4xx/Include -I../Drivers/CMSIS/Include -I../USB_DEVICE/App -I../USB_DEVICE/Target -I../Middlewares/ST/STM32_USB_Device_Library/Core/Inc -I../Middlewares/ST/STM32_USB_Device_Library/Class/CDC/Inc -O0 -ffunction-sections -fdata-sections -Wall -fstack-usage -fcyclomatic-complexity -MMD -MP -MF"ThirdParty/FreeRTOS/portable/GCC/ARM_CM4F/port.d" -MT"ThirdParty/FreeRTOS/portable/GCC/ARM_CM4F/port.o" --specs=nano.specs -mfpu=fpv4-sp-d16 -mfloat-abi=hard -mthumb -o "ThirdParty/FreeRTOS/portable/GCC/ARM_CM4F/port.o"
arm-none-eabi-gcc "../ThirdParty/FreeRTOS/croutine.c" -mcpu=cortex-m4 -std=gnu11 -g3 -DDEBUG -DUSE_HAL_DRIVER -DSTM32F401xE -c -I../Core/Inc -I"C:/Users/AhmedAli/Desktop/New folder/EDGE/AdvancedConceptsProject/ThirdParty/FreeRTOS/include" -I"C:/Users/AhmedAli/Desktop/New folder/EDGE/AdvancedConceptsProject/ThirdParty/FreeRTOS/portable/GCC/ARM_CM4F" -I"C:/Users/AhmedAli/Desktop/New folder/EDGE/AdvancedConceptsProject/ThirdParty/FreeRTOS" -I../Drivers/STM32F4xx_HAL_Driver/Inc -I../Drivers/STM32F4xx_HAL_Driver/Inc/Legacy -I../Drivers/CMSIS/Device/ST/STM32F4xx/Include -I../Drivers/CMSIS/Include -I../USB_DEVICE/App -I../USB_DEVICE/Target -I../Middlewares/ST/STM32_USB_Device_Library/Core/Inc -I../Middlewares/ST/STM32_USB_Device_Library/Class/CDC/Inc -O0 -ffunction-sections -fdata-sections -Wall -fstack-usage -fcyclomatic-complexity -MMD -MP -MF"ThirdParty/FreeRTOS/croutine.d" -MT"ThirdParty/FreeRTOS/croutine.o" --specs=nano.specs -mfpu=fpv4-sp-d16 -mfloat-abi=hard -mthumb -o "ThirdParty/FreeRTOS/croutine.o"
arm-none-eabi-gcc "../ThirdParty/FreeRTOS/event_groups.c" -mcpu=cortex-m4 -std=gnu11 -g3 -DDEBUG -DUSE_HAL_DRIVER -DSTM32F401xE -c -I../Core/Inc -I"C:/Users/AhmedAli/Desktop/New folder/EDGE/AdvancedConceptsProject/ThirdParty/FreeRTOS/include" -I"C:/Users/AhmedAli/Desktop/New folder/EDGE/AdvancedConceptsProject/ThirdParty/FreeRTOS/portable/GCC/ARM_CM4F" -I"C:/Users/AhmedAli/Desktop/New folder/EDGE/AdvancedConceptsProject/ThirdParty/FreeRTOS" -I../Drivers/STM32F4xx_HAL_Driver/Inc -I../Drivers/STM32F4xx_HAL_Driver/Inc/Legacy -I../Drivers/CMSIS/Device/ST/STM32F4xx/Include -I../Drivers/CMSIS/Include -I../USB_DEVICE/App -I../USB_DEVICE/Target -I../Middlewares/ST/STM32_USB_Device_Library/Core/Inc -I../Middlewares/ST/STM32_USB_Device_Library/Class/CDC/Inc -O0 -ffunction-sections -fdata-sections -Wall -fstack-usage -fcyclomatic-complexity -MMD -MP -MF"ThirdParty/FreeRTOS/event_groups.d" -MT"ThirdParty/FreeRTOS/event_groups.o" --specs=nano.specs -mfpu=fpv4-sp-d16 -mfloat-abi=hard -mthumb -o "ThirdParty/FreeRTOS/event_groups.o"
arm-none-eabi-gcc "../ThirdParty/FreeRTOS/list.c" -mcpu=cortex-m4 -std=gnu11 -g3 -DDEBUG -DUSE_HAL_DRIVER -DSTM32F401xE -c -I../Core/Inc -I"C:/Users/AhmedAli/Desktop/New folder/EDGE/AdvancedConceptsProject/ThirdParty/FreeRTOS/include" -I"C:/Users/AhmedAli/Desktop/New folder/EDGE/AdvancedConceptsProject/ThirdParty/FreeRTOS/portable/GCC/ARM_CM4F" -I"C:/Users/AhmedAli/Desktop/New folder/EDGE/AdvancedConceptsProject/ThirdParty/FreeRTOS" -I../Drivers/STM32F4xx_HAL_Driver/Inc -I../Drivers/STM32F4xx_HAL_Driver/Inc/Legacy -I../Drivers/CMSIS/Device/ST/STM32F4xx/Include -I../Drivers/CMSIS/Include -I../USB_DEVICE/App -I../USB_DEVICE/Target -I../Middlewares/ST/STM32_USB_Device_Library/Core/Inc -I../Middlewares/ST/STM32_USB_Device_Library/Class/CDC/Inc -O0 -ffunction-sections -fdata-sections -Wall -fstack-usage -fcyclomatic-complexity -MMD -MP -MF"ThirdParty/FreeRTOS/list.d" -MT"ThirdParty/FreeRTOS/list.o" --specs=nano.specs -mfpu=fpv4-sp-d16 -mfloat-abi=hard -mthumb -o "ThirdParty/FreeRTOS/list.o"
arm-none-eabi-gcc "../ThirdParty/FreeRTOS/queue.c" -mcpu=cortex-m4 -std=gnu11 -g3 -DDEBUG -DUSE_HAL_DRIVER -DSTM32F401xE -c -I../Core/Inc -I"C:/Users/AhmedAli/Desktop/New folder/EDGE/AdvancedConceptsProject/ThirdParty/FreeRTOS/include" -I"C:/Users/AhmedAli/Desktop/New folder/EDGE/AdvancedConceptsProject/ThirdParty/FreeRTOS/portable/GCC/ARM_CM4F" -I"C:/Users/AhmedAli/Desktop/New folder/EDGE/AdvancedConceptsProject/ThirdParty/FreeRTOS" -I../Drivers/STM32F4xx_HAL_Driver/Inc -I../Drivers/STM32F4xx_HAL_Driver/Inc/Legacy -I../Drivers/CMSIS/Device/ST/STM32F4xx/Include -I../Drivers/CMSIS/Include -I../USB_DEVICE/App -I../USB_DEVICE/Target -I../Middlewares/ST/STM32_USB_Device_Library/Core/Inc -I../Middlewares/ST/STM32_USB_Device_Library/Class/CDC/Inc -O0 -ffunction-sections -fdata-sections -Wall -fstack-usage -fcyclomatic-complexity -MMD -MP -MF"ThirdParty/FreeRTOS/queue.d" -MT"ThirdParty/FreeRTOS/queue.o" --specs=nano.specs -mfpu=fpv4-sp-d16 -mfloat-abi=hard -mthumb -o "ThirdParty/FreeRTOS/queue.o"
arm-none-eabi-gcc "../ThirdParty/FreeRTOS/stream_buffer.c" -mcpu=cortex-m4 -std=gnu11 -g3 -DDEBUG -DUSE_HAL_DRIVER -DSTM32F401xE -c -I../Core/Inc -I"C:/Users/AhmedAli/Desktop/New folder/EDGE/AdvancedConceptsProject/ThirdParty/FreeRTOS/include" -I"C:/Users/AhmedAli/Desktop/New folder/EDGE/AdvancedConceptsProject/ThirdParty/FreeRTOS/portable/GCC/ARM_CM4F" -I"C:/Users/AhmedAli/Desktop/New folder/EDGE/AdvancedConceptsProject/ThirdParty/FreeRTOS" -I../Drivers/STM32F4xx_HAL_Driver/Inc -I../Drivers/STM32F4xx_HAL_Driver/Inc/Legacy -I../Drivers/CMSIS/Device/ST/STM32F4xx/Include -I../Drivers/CMSIS/Include -I../USB_DEVICE/App -I../USB_DEVICE/Target -I../Middlewares/ST/STM32_USB_Device_Library/Core/Inc -I../Middlewares/ST/STM32_USB_Device_Library/Class/CDC/Inc -O0 -ffunction-sections -fdata-sections -Wall -fstack-usage -fcyclomatic-complexity -MMD -MP -MF"ThirdParty/FreeRTOS/stream_buffer.d" -MT"ThirdParty/FreeRTOS/stream_buffer.o" --specs=nano.specs -mfpu=fpv4-sp-d16 -mfloat-abi=hard -mthumb -o "ThirdParty/FreeRTOS/stream_buffer.o"
arm-none-eabi-gcc "../ThirdParty/FreeRTOS/tasks.c" -mcpu=cortex-m4 -std=gnu11 -g3 -DDEBUG -DUSE_HAL_DRIVER -DSTM32F401xE -c -I../Core/Inc -I"C:/Users/AhmedAli/Desktop/New folder/EDGE/AdvancedConceptsProject/ThirdParty/FreeRTOS/include" -I"C:/Users/AhmedAli/Desktop/New folder/EDGE/AdvancedConceptsProject/ThirdParty/FreeRTOS/portable/GCC/ARM_CM4F" -I"C:/Users/AhmedAli/Desktop/New folder/EDGE/AdvancedConceptsProject/ThirdParty/FreeRTOS" -I../Drivers/STM32F4xx_HAL_Driver/Inc -I../Drivers/STM32F4xx_HAL_Driver/Inc/Legacy -I../Drivers/CMSIS/Device/ST/STM32F4xx/Include -I../Drivers/CMSIS/Include -I../USB_DEVICE/App -I../USB_DEVICE/Target -I../Middlewares/ST/STM32_USB_Device_Library/Core/Inc -I../Middlewares/ST/STM32_USB_Device_Library/Class/CDC/Inc -O0 -ffunction-sections -fdata-sections -Wall -fstack-usage -fcyclomatic-complexity -MMD -MP -MF"ThirdParty/FreeRTOS/tasks.d" -MT"ThirdParty/FreeRTOS/tasks.o" --specs=nano.specs -mfpu=fpv4-sp-d16 -mfloat-abi=hard -mthumb -o "ThirdParty/FreeRTOS/tasks.o"
arm-none-eabi-gcc "../ThirdParty/FreeRTOS/timers.c" -mcpu=cortex-m4 -std=gnu11 -g3 -DDEBUG -DUSE_HAL_DRIVER -DSTM32F401xE -c -I../Core/Inc -I"C:/Users/AhmedAli/Desktop/New folder/EDGE/AdvancedConceptsProject/ThirdParty/FreeRTOS/include" -I"C:/Users/AhmedAli/Desktop/New folder/EDGE/AdvancedConceptsProject/ThirdParty/FreeRTOS/portable/GCC/ARM_CM4F" -I"C:/Users/AhmedAli/Desktop/New folder/EDGE/AdvancedConceptsProject/ThirdParty/FreeRTOS" -I../Drivers/STM32F4xx_HAL_Driver/Inc -I../Drivers/STM32F4xx_HAL_Driver/Inc/Legacy -I../Drivers/CMSIS/Device/ST/STM32F4xx/Include -I../Drivers/CMSIS/Include -I../USB_DEVICE/App -I../USB_DEVICE/Target -I../Middlewares/ST/STM32_USB_Device_Library/Core/Inc -I../Middlewares/ST/STM32_USB_Device_Library/Class/CDC/Inc -O0 -ffunction-sections -fdata-sections -Wall -fstack-usage -fcyclomatic-complexity -MMD -MP -MF"ThirdParty/FreeRTOS/timers.d" -MT"ThirdParty/FreeRTOS/timers.o" --specs=nano.specs -mfpu=fpv4-sp-d16 -mfloat-abi=hard -mthumb -o "ThirdParty/FreeRTOS/timers.o"
arm-none-eabi-gcc "../Middlewares/ST/STM32_USB_Device_Library/Core/Src/usbd_core.c" -mcpu=cortex-m4 -std=gnu11 -g3 -DDEBUG -DUSE_HAL_DRIVER -DSTM32F401xE -c -I../Core/Inc -I"C:/Users/AhmedAli/Desktop/New folder/EDGE/AdvancedConceptsProject/ThirdParty/FreeRTOS/include" -I"C:/Users/AhmedAli/Desktop/New folder/EDGE/AdvancedConceptsProject/ThirdParty/FreeRTOS/portable/GCC/ARM_CM4F" -I"C:/Users/AhmedAli/Desktop/New folder/EDGE/AdvancedConceptsProject/ThirdParty/FreeRTOS" -I../Drivers/STM32F4xx_HAL_Driver/Inc -I../Drivers/STM32F4xx_HAL_Driver/Inc/Legacy -I../Drivers/CMSIS/Device/ST/STM32F4xx/Include -I../Drivers/CMSIS/Include -I../USB_DEVICE/App -I../USB_DEVICE/Target -I../Middlewares/ST/STM32_USB_Device_Library/Core/Inc -I../Middlewares/ST/STM32_USB_Device_Library/Class/CDC/Inc -O0 -ffunction-sections -fdata-sections -Wall -fstack-usage -fcyclomatic-complexity -MMD -MP -MF"Middlewares/ST/STM32_USB_Device_Library/Core/Src/usbd_core.d" -MT"Middlewares/ST/STM32_USB_Device_Library/Core/Src/usbd_core.o" --specs=nano.specs -mfpu=fpv4-sp-d16 -mfloat-abi=hard -mthumb -o "Middlewares/ST/STM32_USB_Device_Library/Core/Src/usbd_core.o"
arm-none-eabi-gcc "../Middlewares/ST/STM32_USB_Device_Library/Core/Src/usbd_ctlreq.c" -mcpu=cortex-m4 -std=gnu11 -g3 -DDEBUG -DUSE_HAL_DRIVER -DSTM32F401xE -c -I../Core/Inc -I"C:/Users/AhmedAli/Desktop/New folder/EDGE/AdvancedConceptsProject/ThirdParty/FreeRTOS/include" -I"C:/Users/AhmedAli/Desktop/New folder/EDGE/AdvancedConceptsProject/ThirdParty/FreeRTOS/portable/GCC/ARM_CM4F" -I"C:/Users/AhmedAli/Desktop/New folder/EDGE/AdvancedConceptsProject/ThirdParty/FreeRTOS" -I../Drivers/STM32F4xx_HAL_Driver/Inc -I../Drivers/STM32F4xx_HAL_Driver/Inc/Legacy -I../Drivers/CMSIS/Device/ST/STM32F4xx/Include -I../Drivers/CMSIS/Include -I../USB_DEVICE/App -I../USB_DEVICE/Target -I../Middlewares/ST/STM32_USB_Device_Library/Core/Inc -I../Middlewares/ST/STM32_USB_Device_Library/Class/CDC/Inc -O0 -ffunction-sections -fdata-sections -Wall -fstack-usage -fcyclomatic-complexity -MMD -MP -MF"Middlewares/ST/STM32_USB_Device_Library/Core/Src/usbd_ctlreq.d" -MT"Middlewares/ST/STM32_USB_Device_Library/Core/Src/usbd_ctlreq.o" --specs=nano.specs -mfpu=fpv4-sp-d16 -mfloat-abi=hard -mthumb -o "Middlewares/ST/STM32_USB_Device_Library/Core/Src/usbd_ctlreq.o"
arm-none-eabi-gcc "../Middlewares/ST/STM32_USB_Device_Library/Core/Src/usbd_ioreq.c" -mcpu=cortex-m4 -std=gnu11 -g3 -DDEBUG -DUSE_HAL_DRIVER -DSTM32F401xE -c -I../Core/Inc -I"C:/Users/AhmedAli/Desktop/New folder/EDGE/AdvancedConceptsProject/ThirdParty/FreeRTOS/include" -I"C:/Users/AhmedAli/Desktop/New folder/EDGE/AdvancedConceptsProject/ThirdParty/FreeRTOS/portable/GCC/ARM_CM4F" -I"C:/Users/AhmedAli/Desktop/New folder/EDGE/AdvancedConceptsProject/ThirdParty/FreeRTOS" -I../Drivers/STM32F4xx_HAL_Driver/Inc -I../Drivers/STM32F4xx_HAL_Driver/Inc/Legacy -I../Drivers/CMSIS/Device/ST/STM32F4xx/Include -I../Drivers/CMSIS/Include -I../USB_DEVICE/App -I../USB_DEVICE/Target -I../Middlewares/ST/STM32_USB_Device_Library/Core/Inc -I../Middlewares/ST/STM32_USB_Device_Library/Class/CDC/Inc -O0 -ffunction-sections -fdata-sections -Wall -fstack-usage -fcyclomatic-complexity -MMD -MP -MF"Middlewares/ST/STM32_USB_Device_Library/Core/Src/usbd_ioreq.d" -MT"Middlewares/ST/STM32_USB_Device_Library/Core/Src/usbd_ioreq.o" --specs=nano.specs -mfpu=fpv4-sp-d16 -mfloat-abi=hard -mthumb -o "Middlewares/ST/STM32_USB_Device_Library/Core/Src/usbd_ioreq.o"
arm-none-eabi-gcc "../Middlewares/ST/STM32_USB_Device_Library/Class/CDC/Src/usbd_cdc.c" -mcpu=cortex-m4 -std=gnu11 -g3 -DDEBUG -DUSE_HAL_DRIVER -DSTM32F401xE -c -I../Core/Inc -I"C:/Users/AhmedAli/Desktop/New folder/EDGE/AdvancedConceptsProject/ThirdParty/FreeRTOS/include" -I"C:/Users/AhmedAli/Desktop/New folder/EDGE/AdvancedConceptsProject/ThirdParty/FreeRTOS/portable/GCC/ARM_CM4F" -I"C:/Users/AhmedAli/Desktop/New folder/EDGE/AdvancedConceptsProject/ThirdParty/FreeRTOS" -I../Drivers/STM32F4xx_HAL_Driver/Inc -I../Drivers/STM32F4xx_HAL_Driver/Inc/Legacy -I../Drivers/CMSIS/Device/ST/STM32F4xx/Include -I../Drivers/CMSIS/Include -I../USB_DEVICE/App -I../USB_DEVICE/Target -I../Middlewares/ST/STM32_USB_Device_Library/Core/Inc -I../Middlewares/ST/STM32_USB_Device_Library/Class/CDC/Inc -O0 -ffunction-sections -fdata-sections -Wall -fstack-usage -fcyclomatic-complexity -MMD -MP -MF"Middlewares/ST/STM32_USB_Device_Library/Class/CDC/Src/usbd_cdc.d" -MT"Middlewares/ST/STM32_USB_Device_Library/Class/CDC/Src/usbd_cdc.o" --specs=nano.specs -mfpu=fpv4-sp-d16 -mfloat-abi=hard -mthumb -o "Middlewares/ST/STM32_USB_Device_Library/Class/CDC/Src/usbd_cdc.o"
arm-none-eabi-gcc "../Drivers/STM32F4xx_HAL_Driver/Src/stm32f4xx_hal.c" -mcpu=cortex-m4 -std=gnu11 -g3 -DDEBUG -DUSE_HAL_DRIVER -DSTM32F401xE -c -I../Core/Inc -I"C:/Users/AhmedAli/Desktop/New folder/EDGE/AdvancedConceptsProject/ThirdParty/FreeRTOS/include" -I"C:/Users/AhmedAli/Desktop/New folder/EDGE/AdvancedConceptsProject/ThirdParty/FreeRTOS/portable/GCC/ARM_CM4F" -I"C:/Users/AhmedAli/Desktop/New folder/EDGE/AdvancedConceptsProject/ThirdParty/FreeRTOS" -I../Drivers/STM32F4xx_HAL_Driver/Inc -I../Drivers/STM32F4xx_HAL_Driver/Inc/Legacy -I../Drivers/CMSIS/Device/ST/STM32F4xx/Include -I../Drivers/CMSIS/Include -I../USB_DEVICE/App -I../USB_DEVICE/Target -I../Middlewares/ST/STM32_USB_Device_Library/Core/Inc -I../Middlewares/ST/STM32_USB_Device_Library/Class/CDC/Inc -O0 -ffunction-sections -fdata-sections -Wall -fstack-usage -fcyclomatic-complexity -MMD -MP -MF"Drivers/STM32F4xx_HAL_Driver/Src/stm32f4xx_hal.d" -MT"Drivers/STM32F4xx_HAL_Driver/Src/stm32f4xx_hal.o" --specs=nano.specs -mfpu=fpv4-sp-d16 -mfloat-abi=hard -mthumb -o "Drivers/STM32F4xx_HAL_Driver/Src/stm32f4xx_hal.o"
arm-none-eabi-gcc "../Drivers/STM32F4xx_HAL_Driver/Src/stm32f4xx_hal_adc.c" -mcpu=cortex-m4 -std=gnu11 -g3 -DDEBUG -DUSE_HAL_DRIVER -DSTM32F401xE -c -I../Core/Inc -I"C:/Users/AhmedAli/Desktop/New folder/EDGE/AdvancedConceptsProject/ThirdParty/FreeRTOS/include" -I"C:/Users/AhmedAli/Desktop/New folder/EDGE/AdvancedConceptsProject/ThirdParty/FreeRTOS/portable/GCC/ARM_CM4F" -I"C:/Users/AhmedAli/Desktop/New folder/EDGE/AdvancedConceptsProject/ThirdParty/FreeRTOS" -I../Drivers/STM32F4xx_HAL_Driver/Inc -I../Drivers/STM32F4xx_HAL_Driver/Inc/Legacy -I../Drivers/CMSIS/Device/ST/STM32F4xx/Include -I../Drivers/CMSIS/Include -I../USB_DEVICE/App -I../USB_DEVICE/Target -I../Middlewares/ST/STM32_USB_Device_Library/Core/Inc -I../Middlewares/ST/STM32_USB_Device_Library/Class/CDC/Inc -O0 -ffunction-sections -fdata-sections -Wall -fstack-usage -fcyclomatic-complexity -MMD -MP -MF"Drivers/STM32F4xx_HAL_Driver/Src/stm32f4xx_hal_adc.d" -MT"Drivers/STM32F4xx_HAL_Driver/Src/stm32f4xx_hal_adc.o" --specs=nano.specs -mfpu=fpv4-sp-d16 -mfloat-abi=hard -mthumb -o "Drivers/STM32F4xx_HAL_Driver/Src/stm32f4xx_hal_adc.o"
arm-none-eabi-gcc "../Drivers/STM32F4xx_HAL_Driver/Src/stm32f4xx_hal_adc_ex.c" -mcpu=cortex-m4 -std=gnu11 -g3 -DDEBUG -DUSE_HAL_DRIVER -DSTM32F401xE -c -I../Core/Inc -I"C:/Users/AhmedAli/Desktop/New folder/EDGE/AdvancedConceptsProject/ThirdParty/FreeRTOS/include" -I"C:/Users/AhmedAli/Desktop/New folder/EDGE/AdvancedConceptsProject/ThirdParty/FreeRTOS/portable/GCC/ARM_CM4F" -I"C:/Users/AhmedAli/Desktop/New folder/EDGE/AdvancedConceptsProject/ThirdParty/FreeRTOS" -I../Drivers/STM32F4xx_HAL_Driver/Inc -I../Drivers/STM32F4xx_HAL_Driver/Inc/Legacy -I../Drivers/CMSIS/Device/ST/STM32F4xx/Include -I../Drivers/CMSIS/Include -I../USB_DEVICE/App -I../USB_DEVICE/Target -I../Middlewares/ST/STM32_USB_Device_Library/Core/Inc -I../Middlewares/ST/STM32_USB_Device_Library/Class/CDC/Inc -O0 -ffunction-sections -fdata-sections -Wall -fstack-usage -fcyclomatic-complexity -MMD -MP -MF"Drivers/STM32F4xx_HAL_Driver/Src/stm32f4xx_hal_adc_ex.d" -MT"Drivers/STM32F4xx_HAL_Driver/Src/stm32f4xx_hal_adc_ex.o" --specs=nano.specs -mfpu=fpv4-sp-d16 -mfloat-abi=hard -mthumb -o "Drivers/STM32F4xx_HAL_Driver/Src/stm32f4xx_hal_adc_ex.o"
arm-none-eabi-gcc "../Drivers/STM32F4xx_HAL_Driver/Src/stm32f4xx_hal_cortex.c" -mcpu=cortex-m4 -std=gnu11 -g3 -DDEBUG -DUSE_HAL_DRIVER -DSTM32F401xE -c -I../Core/Inc -I"C:/Users/AhmedAli/Desktop/New folder/EDGE/AdvancedConceptsProject/ThirdParty/FreeRTOS/include" -I"C:/Users/AhmedAli/Desktop/New folder/EDGE/AdvancedConceptsProject/ThirdParty/FreeRTOS/portable/GCC/ARM_CM4F" -I"C:/Users/AhmedAli/Desktop/New folder/EDGE/AdvancedConceptsProject/ThirdParty/FreeRTOS" -I../Drivers/STM32F4xx_HAL_Driver/Inc -I../Drivers/STM32F4xx_HAL_Driver/Inc/Legacy -I../Drivers/CMSIS/Device/ST/STM32F4xx/Include -I../Drivers/CMSIS/Include -I../USB_DEVICE/App -I../USB_DEVICE/Target -I../Middlewares/ST/STM32_USB_Device_Library/Core/Inc -I../Middlewares/ST/STM32_USB_Device_Library/Class/CDC/Inc -O0 -ffunction-sections -fdata-sections -Wall -fstack-usage -fcyclomatic-complexity -MMD -MP -MF"Drivers/STM32F4xx_HAL_Driver/Src/stm32f4xx_hal_cortex.d" -MT"Drivers/STM32F4xx_HAL_Driver/Src/stm32f4xx_hal_cortex.o" --specs=nano.specs -mfpu=fpv4-sp-d16 -mfloat-abi=hard -mthumb -o "Drivers/STM32F4xx_HAL_Driver/Src/stm32f4xx_hal_cortex.o"
arm-none-eabi-gcc "../Drivers/STM32F4xx_HAL_Driver/Src/stm32f4xx_hal_dma.c" -mcpu=cortex-m4 -std=gnu11 -g3 -DDEBUG -DUSE_HAL_DRIVER -DSTM32F401xE -c -I../Core/Inc -I"C:/Users/AhmedAli/Desktop/New folder/EDGE/AdvancedConceptsProject/ThirdParty/FreeRTOS/include" -I"C:/Users/AhmedAli/Desktop/New folder/EDGE/AdvancedConceptsProject/ThirdParty/FreeRTOS/portable/GCC/ARM_CM4F" -I"C:/Users/AhmedAli/Desktop/New folder/EDGE/AdvancedConceptsProject/ThirdParty/FreeRTOS" -I../Drivers/STM32F4xx_HAL_Driver/Inc -I../Drivers/STM32F4xx_HAL_Driver/Inc/Legacy -I../Drivers/CMSIS/Device/ST/STM32F4xx/Include -I../Drivers/CMSIS/Include -I../USB_DEVICE/App -I../USB_DEVICE/Target -I../Middlewares/ST/STM32_USB_Device_Library/Core/Inc -I../Middlewares/ST/STM32_USB_Device_Library/Class/CDC/Inc -O0 -ffunction-sections -fdata-sections -Wall -fstack-usage -fcyclomatic-complexity -MMD -MP -MF"Drivers/STM32F4xx_HAL_Driver/Src/stm32f4xx_hal_dma.d" -MT"Drivers/STM32F4xx_HAL_Driver/Src/stm32f4xx_hal_dma.o" --specs=nano.specs -mfpu=fpv4-sp-d16 -mfloat-abi=hard -mthumb -o "Drivers/STM32F4xx_HAL_Driver/Src/stm32f4xx_hal_dma.o"
arm-none-eabi-gcc "../Drivers/STM32F4xx_HAL_Driver/Src/stm32f4xx_hal_dma_ex.c" -mcpu=cortex-m4 -std=gnu11 -g3 -DDEBUG -DUSE_HAL_DRIVER -DSTM32F401xE -c -I../Core/Inc -I"C:/Users/AhmedAli/Desktop/New folder/EDGE/AdvancedConceptsProject/ThirdParty/FreeRTOS/include" -I"C:/Users/AhmedAli/Desktop/New folder/EDGE/AdvancedConceptsProject/ThirdParty/FreeRTOS/portable/GCC/ARM_CM4F" -I"C:/Users/AhmedAli/Desktop/New folder/EDGE/AdvancedConceptsProject/ThirdParty/FreeRTOS" -I../Drivers/STM32F4xx_HAL_Driver/Inc -I../Drivers/STM32F4xx_HAL_Driver/Inc/Legacy -I../Drivers/CMSIS/Device/ST/STM32F4xx/Include -I../Drivers/CMSIS/Include -I../USB_DEVICE/App -I../USB_DEVICE/Target -I../Middlewares/ST/STM32_USB_Device_Library/Core/Inc -I../Middlewares/ST/STM32_USB_Device_Library/Class/CDC/Inc -O0 -ffunction-sections -fdata-sections -Wall -fstack-usage -fcyclomatic-complexity -MMD -MP -MF"Drivers/STM32F4xx_HAL_Driver/Src/stm32f4xx_hal_dma_ex.d" -MT"Drivers/STM32F4xx_HAL_Driver/Src/stm32f4xx_hal_dma_ex.o" --specs=nano.specs -mfpu=fpv4-sp-d16 -mfloat-abi=hard -mthumb -o "Drivers/STM32F4xx_HAL_Driver/Src/stm32f4xx_hal_dma_ex.o"
arm-none-eabi-gcc "../Drivers/STM32F4xx_HAL_Driver/Src/stm32f4xx_hal_exti.c" -mcpu=cortex-m4 -std=gnu11 -g3 -DDEBUG -DUSE_HAL_DRIVER -DSTM32F401xE -c -I../Core/Inc -I"C:/Users/AhmedAli/Desktop/New folder/EDGE/AdvancedConceptsProject/ThirdParty/FreeRTOS/include" -I"C:/Users/AhmedAli/Desktop/New folder/EDGE/AdvancedConceptsProject/ThirdParty/FreeRTOS/portable/GCC/ARM_CM4F" -I"C:/Users/AhmedAli/Desktop/New folder/EDGE/AdvancedConceptsProject/ThirdParty/FreeRTOS" -I../Drivers/STM32F4xx_HAL_Driver/Inc -I../Drivers/STM32F4xx_HAL_Driver/Inc/Legacy -I../Drivers/CMSIS/Device/ST/STM32F4xx/Include -I../Drivers/CMSIS/Include -I../USB_DEVICE/App -I../USB_DEVICE/Target -I../Middlewares/ST/STM32_USB_Device_Library/Core/Inc -I../Middlewares/ST/STM32_USB_Device_Library/Class/CDC/Inc -O0 -ffunction-sections -fdata-sections -Wall -fstack-usage -fcyclomatic-complexity -MMD -MP -MF"Drivers/STM32F4xx_HAL_Driver/Src/stm32f4xx_hal_exti.d" -MT"Drivers/STM32F4xx_HAL_Driver/Src/stm32f4xx_hal_exti.o" --specs=nano.specs -mfpu=fpv4-sp-d16 -mfloat-abi=hard -mthumb -o "Drivers/STM32F4xx_HAL_Driver/Src/stm32f4xx_hal_exti.o"
arm-none-eabi-gcc "../Drivers/STM32F4xx_HAL_Driver/Src/stm32f4xx_hal_flash.c" -mcpu=cortex-m4 -std=gnu11 -g3 -DDEBUG -DUSE_HAL_DRIVER -DSTM32F401xE -c -I../Core/Inc -I"C:/Users/AhmedAli/Desktop/New folder/EDGE/AdvancedConceptsProject/ThirdParty/FreeRTOS/include" -I"C:/Users/AhmedAli/Desktop/New folder/EDGE/AdvancedConceptsProject/ThirdParty/FreeRTOS/portable/GCC/ARM_CM4F" -I"C:/Users/AhmedAli/Desktop/New folder/EDGE/AdvancedConceptsProject/ThirdParty/FreeRTOS" -I../Drivers/STM32F4xx_HAL_Driver/Inc -I../Drivers/STM32F4xx_HAL_Driver/Inc/Legacy -I../Drivers/CMSIS/Device/ST/STM32F4xx/Include -I../Drivers/CMSIS/Include -I../USB_DEVICE/App -I../USB_DEVICE/Target -I../Middlewares/ST/STM32_USB_Device_Library/Core/Inc -I../Middlewares/ST/STM32_USB_Device_Library/Class/CDC/Inc -O0 -ffunction-sections -fdata-sections -Wall -fstack-usage -fcyclomatic-complexity -MMD -MP -MF"Drivers/STM32F4xx_HAL_Driver/Src/stm32f4xx_hal_flash.d" -MT"Drivers/STM32F4xx_HAL_Driver/Src/stm32f4xx_hal_flash.o" --specs=nano.specs -mfpu=fpv4-sp-d16 -mfloat-abi=hard -mthumb -o "Drivers/STM32F4xx_HAL_Driver/Src/stm32f4xx_hal_flash.o"
arm-none-eabi-gcc "../Drivers/STM32F4xx_HAL_Driver/Src/stm32f4xx_hal_flash_ex.c" -mcpu=cortex-m4 -std=gnu11 -g3 -DDEBUG -DUSE_HAL_DRIVER -DSTM32F401xE -c -I../Core/Inc -I"C:/Users/AhmedAli/Desktop/New folder/EDGE/AdvancedConceptsProject/ThirdParty/FreeRTOS/include" -I"C:/Users/AhmedAli/Desktop/New folder/EDGE/AdvancedConceptsProject/ThirdParty/FreeRTOS/portable/GCC/ARM_CM4F" -I"C:/Users/AhmedAli/Desktop/New folder/EDGE/AdvancedConceptsProject/ThirdParty/FreeRTOS" -I../Drivers/STM32F4xx_HAL_Driver/Inc -I../Drivers/STM32F4xx_HAL_Driver/Inc/Legacy -I../Drivers/CMSIS/Device/ST/STM32F4xx/Include -I../Drivers/CMSIS/Include -I../USB_DEVICE/App -I../USB_DEVICE/Target -I../Middlewares/ST/STM32_USB_Device_Library/Core/Inc -I../Middlewares/ST/STM32_USB_Device_Library/Class/CDC/Inc -O0 -ffunction-sections -fdata-sections -Wall -fstack-usage -fcyclomatic-complexity -MMD -MP -MF"Drivers/STM32F4xx_HAL_Driver/Src/stm32f4xx_hal_flash_ex.d" -MT"Drivers/STM32F4xx_HAL_Driver/Src/stm32f4xx_hal_flash_ex.o" --specs=nano.specs -mfpu=fpv4-sp-d16 -mfloat-abi=hard -mthumb -o "Drivers/STM32F4xx_HAL_Driver/Src/stm32f4xx_hal_flash_ex.o"
arm-none-eabi-gcc "../Drivers/STM32F4xx_HAL_Driver/Src/stm32f4xx_hal_flash_ramfunc.c" -mcpu=cortex-m4 -std=gnu11 -g3 -DDEBUG -DUSE_HAL_DRIVER -DSTM32F401xE -c -I../Core/Inc -I"C:/Users/AhmedAli/Desktop/New folder/EDGE/AdvancedConceptsProject/ThirdParty/FreeRTOS/include" -I"C:/Users/AhmedAli/Desktop/New folder/EDGE/AdvancedConceptsProject/ThirdParty/FreeRTOS/portable/GCC/ARM_CM4F" -I"C:/Users/AhmedAli/Desktop/New folder/EDGE/AdvancedConceptsProject/ThirdParty/FreeRTOS" -I../Drivers/STM32F4xx_HAL_Driver/Inc -I../Drivers/STM32F4xx_HAL_Driver/Inc/Legacy -I../Drivers/CMSIS/Device/ST/STM32F4xx/Include -I../Drivers/CMSIS/Include -I../USB_DEVICE/App -I../USB_DEVICE/Target -I../Middlewares/ST/STM32_USB_Device_Library/Core/Inc -I../Middlewares/ST/STM32_USB_Device_Library/Class/CDC/Inc -O0 -ffunction-sections -fdata-sections -Wall -fstack-usage -fcyclomatic-complexity -MMD -MP -MF"Drivers/STM32F4xx_HAL_Driver/Src/stm32f4xx_hal_flash_ramfunc.d" -MT"Drivers/STM32F4xx_HAL_Driver/Src/stm32f4xx_hal_flash_ramfunc.o" --specs=nano.specs -mfpu=fpv4-sp-d16 -mfloat-abi=hard -mthumb -o "Drivers/STM32F4xx_HAL_Driver/Src/stm32f4xx_hal_flash_ramfunc.o"
arm-none-eabi-gcc "../Drivers/STM32F4xx_HAL_Driver/Src/stm32f4xx_hal_gpio.c" -mcpu=cortex-m4 -std=gnu11 -g3 -DDEBUG -DUSE_HAL_DRIVER -DSTM32F401xE -c -I../Core/Inc -I"C:/Users/AhmedAli/Desktop/New folder/EDGE/AdvancedConceptsProject/ThirdParty/FreeRTOS/include" -I"C:/Users/AhmedAli/Desktop/New folder/EDGE/AdvancedConceptsProject/ThirdParty/FreeRTOS/portable/GCC/ARM_CM4F" -I"C:/Users/AhmedAli/Desktop/New folder/EDGE/AdvancedConceptsProject/ThirdParty/FreeRTOS" -I../Drivers/STM32F4xx_HAL_Driver/Inc -I../Drivers/STM32F4xx_HAL_Driver/Inc/Legacy -I../Drivers/CMSIS/Device/ST/STM32F4xx/Include -I../Drivers/CMSIS/Include -I../USB_DEVICE/App -I../USB_DEVICE/Target -I../Middlewares/ST/STM32_USB_Device_Library/Core/Inc -I../Middlewares/ST/STM32_USB_Device_Library/Class/CDC/Inc -O0 -ffunction-sections -fdata-sections -Wall -fstack-usage -fcyclomatic-complexity -MMD -MP -MF"Drivers/STM32F4xx_HAL_Driver/Src/stm32f4xx_hal_gpio.d" -MT"Drivers/STM32F4xx_HAL_Driver/Src/stm32f4xx_hal_gpio.o" --specs=nano.specs -mfpu=fpv4-sp-d16 -mfloat-abi=hard -mthumb -o "Drivers/STM32F4xx_HAL_Driver/Src/stm32f4xx_hal_gpio.o"
arm-none-eabi-gcc "../Drivers/STM32F4xx_HAL_Driver/Src/stm32f4xx_hal_i2c.c" -mcpu=cortex-m4 -std=gnu11 -g3 -DDEBUG -DUSE_HAL_DRIVER -DSTM32F401xE -c -I../Core/Inc -I"C:/Users/AhmedAli/Desktop/New folder/EDGE/AdvancedConceptsProject/ThirdParty/FreeRTOS/include" -I"C:/Users/AhmedAli/Desktop/New folder/EDGE/AdvancedConceptsProject/ThirdParty/FreeRTOS/portable/GCC/ARM_CM4F" -I"C:/Users/AhmedAli/Desktop/New folder/EDGE/AdvancedConceptsProject/ThirdParty/FreeRTOS" -I../Drivers/STM32F4xx_HAL_Driver/Inc -I../Drivers/STM32F4xx_HAL_Driver/Inc/Legacy -I../Drivers/CMSIS/Device/ST/STM32F4xx/Include -I../Drivers/CMSIS/Include -I../USB_DEVICE/App -I../USB_DEVICE/Target -I../Middlewares/ST/STM32_USB_Device_Library/Core/Inc -I../Middlewares/ST/STM32_USB_Device_Library/Class/CDC/Inc -O0 -ffunction-sections -fdata-sections -Wall -fstack-usage -fcyclomatic-complexity -MMD -MP -MF"Drivers/STM32F4xx_HAL_Driver/Src/stm32f4xx_hal_i2c.d" -MT"Drivers/STM32F4xx_HAL_Driver/Src/stm32f4xx_hal_i2c.o" --specs=nano.specs -mfpu=fpv4-sp-d16 -mfloat-abi=hard -mthumb -o "Drivers/STM32F4xx_HAL_Driver/Src/stm32f4xx_hal_i2c.o"
arm-none-eabi-gcc "../Drivers/STM32F4xx_HAL_Driver/Src/stm32f4xx_hal_i2c_ex.c" -mcpu=cortex-m4 -std=gnu11 -g3 -DDEBUG -DUSE_HAL_DRIVER -DSTM32F401xE -c -I../Core/Inc -I"C:/Users/AhmedAli/Desktop/New folder/EDGE/AdvancedConceptsProject/ThirdParty/FreeRTOS/include" -I"C:/Users/AhmedAli/Desktop/New folder/EDGE/AdvancedConceptsProject/ThirdParty/FreeRTOS/portable/GCC/ARM_CM4F" -I"C:/Users/AhmedAli/Desktop/New folder/EDGE/AdvancedConceptsProject/ThirdParty/FreeRTOS" -I../Drivers/STM32F4xx_HAL_Driver/Inc -I../Drivers/STM32F4xx_HAL_Driver/Inc/Legacy -I../Drivers/CMSIS/Device/ST/STM32F4xx/Include -I../Drivers/CMSIS/Include -I../USB_DEVICE/App -I../USB_DEVICE/Target -I../Middlewares/ST/STM32_USB_Device_Library/Core/Inc -I../Middlewares/ST/STM32_USB_Device_Library/Class/CDC/Inc -O0 -ffunction-sections -fdata-sections -Wall -fstack-usage -fcyclomatic-complexity -MMD -MP -MF"Drivers/STM32F4xx_HAL_Driver/Src/stm32f4xx_hal_i2c_ex.d" -MT"Drivers/STM32F4xx_HAL_Driver/Src/stm32f4xx_hal_i2c_ex.o" --specs=nano.specs -mfpu=fpv4-sp-d16 -mfloat-abi=hard -mthumb -o "Drivers/STM32F4xx_HAL_Driver/Src/stm32f4xx_hal_i2c_ex.o"
arm-none-eabi-gcc "../Drivers/STM32F4xx_HAL_Driver/Src/stm32f4xx_hal_iwdg.c" -mcpu=cortex-m4 -std=gnu11 -g3 -DDEBUG -DUSE_HAL_DRIVER -DSTM32F401xE -c -I../Core/Inc -I"C:/Users/AhmedAli/Desktop/New folder/EDGE/AdvancedConceptsProject/ThirdParty/FreeRTOS/include" -I"C:/Users/AhmedAli/Desktop/New folder/EDGE/AdvancedConceptsProject/ThirdParty/FreeRTOS/portable/GCC/ARM_CM4F" -I"C:/Users/AhmedAli/Desktop/New folder/EDGE/AdvancedConceptsProject/ThirdParty/FreeRTOS" -I../Drivers/STM32F4xx_HAL_Driver/Inc -I../Drivers/STM32F4xx_HAL_Driver/Inc/Legacy -I../Drivers/CMSIS/Device/ST/STM32F4xx/Include -I../Drivers/CMSIS/Include -I../USB_DEVICE/App -I../USB_DEVICE/Target -I../Middlewares/ST/STM32_USB_Device_Library/Core/Inc -I../Middlewares/ST/STM32_USB_Device_Library/Class/CDC/Inc -O0 -ffunction-sections -fdata-sections -Wall -fstack-usage -fcyclomatic-complexity -MMD -MP -MF"Drivers/STM32F4xx_HAL_Driver/Src/stm32f4xx_hal_iwdg.d" -MT"Drivers/STM32F4xx_HAL_Driver/Src/stm32f4xx_hal_iwdg.o" --specs=nano.specs -mfpu=fpv4-sp-d16 -mfloat-abi=hard -mthumb -o "Drivers/STM32F4xx_HAL_Driver/Src/stm32f4xx_hal_iwdg.o"
arm-none-eabi-gcc "../Drivers/STM32F4xx_HAL_Driver/Src/stm32f4xx_hal_pcd.c" -mcpu=cortex-m4 -std=gnu11 -g3 -DDEBUG -DUSE_HAL_DRIVER -DSTM32F401xE -c -I../Core/Inc -I"C:/Users/AhmedAli/Desktop/New folder/EDGE/AdvancedConceptsProject/ThirdParty/FreeRTOS/include" -I"C:/Users/AhmedAli/Desktop/New folder/EDGE/AdvancedConceptsProject/ThirdParty/FreeRTOS/portable/GCC/ARM_CM4F" -I"C:/Users/AhmedAli/Desktop/New folder/EDGE/AdvancedConceptsProject/ThirdParty/FreeRTOS" -I../Drivers/STM32F4xx_HAL_Driver/Inc -I../Drivers/STM32F4xx_HAL_Driver/Inc/Legacy -I../Drivers/CMSIS/Device/ST/STM32F4xx/Include -I../Drivers/CMSIS/Include -I../USB_DEVICE/App -I../USB_DEVICE/Target -I../Middlewares/ST/STM32_USB_Device_Library/Core/Inc -I../Middlewares/ST/STM32_USB_Device_Library/Class/CDC/Inc -O0 -ffunction-sections -fdata-sections -Wall -fstack-usage -fcyclomatic-complexity -MMD -MP -MF"Drivers/STM32F4xx_HAL_Driver/Src/stm32f4xx_hal_pcd.d" -MT"Drivers/STM32F4xx_HAL_Driver/Src/stm32f4xx_hal_pcd.o" --specs=nano.specs -mfpu=fpv4-sp-d16 -mfloat-abi=hard -mthumb -o "Drivers/STM32F4xx_HAL_Driver/Src/stm32f4xx_hal_pcd.o"
arm-none-eabi-gcc "../Drivers/STM32F4xx_HAL_Driver/Src/stm32f4xx_hal_pcd_ex.c" -mcpu=cortex-m4 -std=gnu11 -g3 -DDEBUG -DUSE_HAL_DRIVER -DSTM32F401xE -c -I../Core/Inc -I"C:/Users/AhmedAli/Desktop/New folder/EDGE/AdvancedConceptsProject/ThirdParty/FreeRTOS/include" -I"C:/Users/AhmedAli/Desktop/New folder/EDGE/AdvancedConceptsProject/ThirdParty/FreeRTOS/portable/GCC/ARM_CM4F" -I"C:/Users/AhmedAli/Desktop/New folder/EDGE/AdvancedConceptsProject/ThirdParty/FreeRTOS" -I../Drivers/STM32F4xx_HAL_Driver/Inc -I../Drivers/STM32F4xx_HAL_Driver/Inc/Legacy -I../Drivers/CMSIS/Device/ST/STM32F4xx/Include -I../Drivers/CMSIS/Include -I../USB_DEVICE/App -I../USB_DEVICE/Target -I../Middlewares/ST/STM32_USB_Device_Library/Core/Inc -I../Middlewares/ST/STM32_USB_Device_Library/Class/CDC/Inc -O0 -ffunction-sections -fdata-sections -Wall -fstack-usage -fcyclomatic-complexity -MMD -MP -MF"Drivers/STM32F4xx_HAL_Driver/Src/stm32f4xx_hal_pcd_ex.d" -MT"Drivers/STM32F4xx_HAL_Driver/Src/stm32f4xx_hal_pcd_ex.o" --specs=nano.specs -mfpu=fpv4-sp-d16 -mfloat-abi=hard -mthumb -o "Drivers/STM32F4xx_HAL_Driver/Src/stm32f4xx_hal_pcd_ex.o"
arm-none-eabi-gcc "../Drivers/STM32F4xx_HAL_Driver/Src/stm32f4xx_hal_pwr.c" -mcpu=cortex-m4 -std=gnu11 -g3 -DDEBUG -DUSE_HAL_DRIVER -DSTM32F401xE -c -I../Core/Inc -I"C:/Users/AhmedAli/Desktop/New folder/EDGE/AdvancedConceptsProject/ThirdParty/FreeRTOS/include" -I"C:/Users/AhmedAli/Desktop/New folder/EDGE/AdvancedConceptsProject/ThirdParty/FreeRTOS/portable/GCC/ARM_CM4F" -I"C:/Users/AhmedAli/Desktop/New folder/EDGE/AdvancedConceptsProject/ThirdParty/FreeRTOS" -I../Drivers/STM32F4xx_HAL_Driver/Inc -I../Drivers/STM32F4xx_HAL_Driver/Inc/Legacy -I../Drivers/CMSIS/Device/ST/STM32F4xx/Include -I../Drivers/CMSIS/Include -I../USB_DEVICE/App -I../USB_DEVICE/Target -I../Middlewares/ST/STM32_USB_Device_Library/Core/Inc -I../Middlewares/ST/STM32_USB_Device_Library/Class/CDC/Inc -O0 -ffunction-sections -fdata-sections -Wall -fstack-usage -fcyclomatic-complexity -MMD -MP -MF"Drivers/STM32F4xx_HAL_Driver/Src/stm32f4xx_hal_pwr.d" -MT"Drivers/STM32F4xx_HAL_Driver/Src/stm32f4xx_hal_pwr.o" --specs=nano.specs -mfpu=fpv4-sp-d16 -mfloat-abi=hard -mthumb -o "Drivers/STM32F4xx_HAL_Driver/Src/stm32f4xx_hal_pwr.o"
arm-none-eabi-gcc "../Drivers/STM32F4xx_HAL_Driver/Src/stm32f4xx_hal_pwr_ex.c" -mcpu=cortex-m4 -std=gnu11 -g3 -DDEBUG -DUSE_HAL_DRIVER -DSTM32F401xE -c -I../Core/Inc -I"C:/Users/AhmedAli/Desktop/New folder/EDGE/AdvancedConceptsProject/ThirdParty/FreeRTOS/include" -I"C:/Users/AhmedAli/Desktop/New folder/EDGE/AdvancedConceptsProject/ThirdParty/FreeRTOS/portable/GCC/ARM_CM4F" -I"C:/Users/AhmedAli/Desktop/New folder/EDGE/AdvancedConceptsProject/ThirdParty/FreeRTOS" -I../Drivers/STM32F4xx_HAL_Driver/Inc -I../Drivers/STM32F4xx_HAL_Driver/Inc/Legacy -I../Drivers/CMSIS/Device/ST/STM32F4xx/Include -I../Drivers/CMSIS/Include -I../USB_DEVICE/App -I../USB_DEVICE/Target -I../Middlewares/ST/STM32_USB_Device_Library/Core/Inc -I../Middlewares/ST/STM32_USB_Device_Library/Class/CDC/Inc -O0 -ffunction-sections -fdata-sections -Wall -fstack-usage -fcyclomatic-complexity -MMD -MP -MF"Drivers/STM32F4xx_HAL_Driver/Src/stm32f4xx_hal_pwr_ex.d" -MT"Drivers/STM32F4xx_HAL_Driver/Src/stm32f4xx_hal_pwr_ex.o" --specs=nano.specs -mfpu=fpv4-sp-d16 -mfloat-abi=hard -mthumb -o "Drivers/STM32F4xx_HAL_Driver/Src/stm32f4xx_hal_pwr_ex.o"
arm-none-eabi-gcc "../Drivers/STM32F4xx_HAL_Driver/Src/stm32f4xx_hal_rcc.c" -mcpu=cortex-m4 -std=gnu11 -g3 -DDEBUG -DUSE_HAL_DRIVER -DSTM32F401xE -c -I../Core/Inc -I"C:/Users/AhmedAli/Desktop/New folder/EDGE/AdvancedConceptsProject/ThirdParty/FreeRTOS/include" -I"C:/Users/AhmedAli/Desktop/New folder/EDGE/AdvancedConceptsProject/ThirdParty/FreeRTOS/portable/GCC/ARM_CM4F" -I"C:/Users/AhmedAli/Desktop/New folder/EDGE/AdvancedConceptsProject/ThirdParty/FreeRTOS" -I../Drivers/STM32F4xx_HAL_Driver/Inc -I../Drivers/STM32F4xx_HAL_Driver/Inc/Legacy -I../Drivers/CMSIS/Device/ST/STM32F4xx/Include -I../Drivers/CMSIS/Include -I../USB_DEVICE/App -I../USB_DEVICE/Target -I../Middlewares/ST/STM32_USB_Device_Library/Core/Inc -I../Middlewares/ST/STM32_USB_Device_Library/Class/CDC/Inc -O0 -ffunction-sections -fdata-sections -Wall -fstack-usage -fcyclomatic-complexity -MMD -MP -MF"Drivers/STM32F4xx_HAL_Driver/Src/stm32f4xx_hal_rcc.d" -MT"Drivers/STM32F4xx_HAL_Driver/Src/stm32f4xx_hal_rcc.o" --specs=nano.specs -mfpu=fpv4-sp-d16 -mfloat-abi=hard -mthumb -o "Drivers/STM32F4xx_HAL_Driver/Src/stm32f4xx_hal_rcc.o"
arm-none-eabi-gcc "../Drivers/STM32F4xx_HAL_Driver/Src/stm32f4xx_hal_rcc_ex.c" -mcpu=cortex-m4 -std=gnu11 -g3 -DDEBUG -DUSE_HAL_DRIVER -DSTM32F401xE -c -I../Core/Inc -I"C:/Users/AhmedAli/Desktop/New folder/EDGE/AdvancedConceptsProject/ThirdParty/FreeRTOS/include" -I"C:/Users/AhmedAli/Desktop/New folder/EDGE/AdvancedConceptsProject/ThirdParty/FreeRTOS/portable/GCC/ARM_CM4F" -I"C:/Users/AhmedAli/Desktop/New folder/EDGE/AdvancedConceptsProject/ThirdParty/FreeRTOS" -I../Drivers/STM32F4xx_HAL_Driver/Inc -I../Drivers/STM32F4xx_HAL_Driver/Inc/Legacy -I../Drivers/CMSIS/Device/ST/STM32F4xx/Include -I../Drivers/CMSIS/Include -I../USB_DEVICE/App -I../USB_DEVICE/Target -I../Middlewares/ST/STM32_USB_Device_Library/Core/Inc -I../Middlewares/ST/STM32_USB_Device_Library/Class/CDC/Inc -O0 -ffunction-sections -fdata-sections -Wall -fstack-usage -fcyclomatic-complexity -MMD -MP -MF"Drivers/STM32F4xx_HAL_Driver/Src/stm32f4xx_hal_rcc_ex.d" -MT"Drivers/STM32F4xx_HAL_Driver/Src/stm32f4xx_hal_rcc_ex.o" --specs=nano.specs -mfpu=fpv4-sp-d16 -mfloat-abi=hard -mthumb -o "Drivers/STM32F4xx_HAL_Driver/Src/stm32f4xx_hal_rcc_ex.o"
arm-none-eabi-gcc "../Drivers/STM32F4xx_HAL_Driver/Src/stm32f4xx_hal_rtc.c" -mcpu=cortex-m4 -std=gnu11 -g3 -DDEBUG -DUSE_HAL_DRIVER -DSTM32F401xE -c -I../Core/Inc -I"C:/Users/AhmedAli/Desktop/New folder/EDGE/AdvancedConceptsProject/ThirdParty/FreeRTOS/include" -I"C:/Users/AhmedAli/Desktop/New folder/EDGE/AdvancedConceptsProject/ThirdParty/FreeRTOS/portable/GCC/ARM_CM4F" -I"C:/Users/AhmedAli/Desktop/New folder/EDGE/AdvancedConceptsProject/ThirdParty/FreeRTOS" -I../Drivers/STM32F4xx_HAL_Driver/Inc -I../Drivers/STM32F4xx_HAL_Driver/Inc/Legacy -I../Drivers/CMSIS/Device/ST/STM32F4xx/Include -I../Drivers/CMSIS/Include -I../USB_DEVICE/App -I../USB_DEVICE/Target -I../Middlewares/ST/STM32_USB_Device_Library/Core/Inc -I../Middlewares/ST/STM32_USB_Device_Library/Class/CDC/Inc -O0 -ffunction-sections -fdata-sections -Wall -fstack-usage -fcyclomatic-complexity -MMD -MP -MF"Drivers/STM32F4xx_HAL_Driver/Src/stm32f4xx_hal_rtc.d" -MT"Drivers/STM32F4xx_HAL_Driver/Src/stm32f4xx_hal_rtc.o" --specs=nano.specs -mfpu=fpv4-sp-d16 -mfloat-abi=hard -mthumb -o "Drivers/STM32F4xx_HAL_Driver/Src/stm32f4xx_hal_rtc.o"
arm-none-eabi-gcc "../Drivers/STM32F4xx_HAL_Driver/Src/stm32f4xx_hal_rtc_ex.c" -mcpu=cortex-m4 -std=gnu11 -g3 -DDEBUG -DUSE_HAL_DRIVER -DSTM32F401xE -c -I../Core/Inc -I"C:/Users/AhmedAli/Desktop/New folder/EDGE/AdvancedConceptsProject/ThirdParty/FreeRTOS/include" -I"C:/Users/AhmedAli/Desktop/New folder/EDGE/AdvancedConceptsProject/ThirdParty/FreeRTOS/portable/GCC/ARM_CM4F" -I"C:/Users/AhmedAli/Desktop/New folder/EDGE/AdvancedConceptsProject/ThirdParty/FreeRTOS" -I../Drivers/STM32F4xx_HAL_Driver/Inc -I../Drivers/STM32F4xx_HAL_Driver/Inc/Legacy -I../Drivers/CMSIS/Device/ST/STM32F4xx/Include -I../Drivers/CMSIS/Include -I../USB_DEVICE/App -I../USB_DEVICE/Target -I../Middlewares/ST/STM32_USB_Device_Library/Core/Inc -I../Middlewares/ST/STM32_USB_Device_Library/Class/CDC/Inc -O0 -ffunction-sections -fdata-sections -Wall -fstack-usage -fcyclomatic-complexity -MMD -MP -MF"Drivers/STM32F4xx_HAL_Driver/Src/stm32f4xx_hal_rtc_ex.d" -MT"Drivers/STM32F4xx_HAL_Driver/Src/stm32f4xx_hal_rtc_ex.o" --specs=nano.specs -mfpu=fpv4-sp-d16 -mfloat-abi=hard -mthumb -o "Drivers/STM32F4xx_HAL_Driver/Src/stm32f4xx_hal_rtc_ex.o"
arm-none-eabi-gcc "../Drivers/STM32F4xx_HAL_Driver/Src/stm32f4xx_hal_tim.c" -mcpu=cortex-m4 -std=gnu11 -g3 -DDEBUG -DUSE_HAL_DRIVER -DSTM32F401xE -c -I../Core/Inc -I"C:/Users/AhmedAli/Desktop/New folder/EDGE/AdvancedConceptsProject/ThirdParty/FreeRTOS/include" -I"C:/Users/AhmedAli/Desktop/New folder/EDGE/AdvancedConceptsProject/ThirdParty/FreeRTOS/portable/GCC/ARM_CM4F" -I"C:/Users/AhmedAli/Desktop/New folder/EDGE/AdvancedConceptsProject/ThirdParty/FreeRTOS" -I../Drivers/STM32F4xx_HAL_Driver/Inc -I../Drivers/STM32F4xx_HAL_Driver/Inc/Legacy -I../Drivers/CMSIS/Device/ST/STM32F4xx/Include -I../Drivers/CMSIS/Include -I../USB_DEVICE/App -I../USB_DEVICE/Target -I../Middlewares/ST/STM32_USB_Device_Library/Core/Inc -I../Middlewares/ST/STM32_USB_Device_Library/Class/CDC/Inc -O0 -ffunction-sections -fdata-sections -Wall -fstack-usage -fcyclomatic-complexity -MMD -MP -MF"Drivers/STM32F4xx_HAL_Driver/Src/stm32f4xx_hal_tim.d" -MT"Drivers/STM32F4xx_HAL_Driver/Src/stm32f4xx_hal_tim.o" --specs=nano.specs -mfpu=fpv4-sp-d16 -mfloat-abi=hard -mthumb -o "Drivers/STM32F4xx_HAL_Driver/Src/stm32f4xx_hal_tim.o"
arm-none-eabi-gcc "../Drivers/STM32F4xx_HAL_Driver/Src/stm32f4xx_hal_tim_ex.c" -mcpu=cortex-m4 -std=gnu11 -g3 -DDEBUG -DUSE_HAL_DRIVER -DSTM32F401xE -c -I../Core/Inc -I"C:/Users/AhmedAli/Desktop/New folder/EDGE/AdvancedConceptsProject/ThirdParty/FreeRTOS/include" -I"C:/Users/AhmedAli/Desktop/New folder/EDGE/AdvancedConceptsProject/ThirdParty/FreeRTOS/portable/GCC/ARM_CM4F" -I"C:/Users/AhmedAli/Desktop/New folder/EDGE/AdvancedConceptsProject/ThirdParty/FreeRTOS" -I../Drivers/STM32F4xx_HAL_Driver/Inc -I../Drivers/STM32F4xx_HAL_Driver/Inc/Legacy -I../Drivers/CMSIS/Device/ST/STM32F4xx/Include -I../Drivers/CMSIS/Include -I../USB_DEVICE/App -I../USB_DEVICE/Target -I../Middlewares/ST/STM32_USB_Device_Library/Core/Inc -I../Middlewares/ST/STM32_USB_Device_Library/Class/CDC/Inc -O0 -ffunction-sections -fdata-sections -Wall -fstack-usage -fcyclomatic-complexity -MMD -MP -MF"Drivers/STM32F4xx_HAL_Driver/Src/stm32f4xx_hal_tim_ex.d" -MT"Drivers/STM32F4xx_HAL_Driver/Src/stm32f4xx_hal_tim_ex.o" --specs=nano.specs -mfpu=fpv4-sp-d16 -mfloat-abi=hard -mthumb -o "Drivers/STM32F4xx_HAL_Driver/Src/stm32f4xx_hal_tim_ex.o"
arm-none-eabi-gcc "../Drivers/STM32F4xx_HAL_Driver/Src/stm32f4xx_hal_uart.c" -mcpu=cortex-m4 -std=gnu11 -g3 -DDEBUG -DUSE_HAL_DRIVER -DSTM32F401xE -c -I../Core/Inc -I"C:/Users/AhmedAli/Desktop/New folder/EDGE/AdvancedConceptsProject/ThirdParty/FreeRTOS/include" -I"C:/Users/AhmedAli/Desktop/New folder/EDGE/AdvancedConceptsProject/ThirdParty/FreeRTOS/portable/GCC/ARM_CM4F" -I"C:/Users/AhmedAli/Desktop/New folder/EDGE/AdvancedConceptsProject/ThirdParty/FreeRTOS" -I../Drivers/STM32F4xx_HAL_Driver/Inc -I../Drivers/STM32F4xx_HAL_Driver/Inc/Legacy -I../Drivers/CMSIS/Device/ST/STM32F4xx/Include -I../Drivers/CMSIS/Include -I../USB_DEVICE/App -I../USB_DEVICE/Target -I../Middlewares/ST/STM32_USB_Device_Library/Core/Inc -I../Middlewares/ST/STM32_USB_Device_Library/Class/CDC/Inc -O0 -ffunction-sections -fdata-sections -Wall -fstack-usage -fcyclomatic-complexity -MMD -MP -MF"Drivers/STM32F4xx_HAL_Driver/Src/stm32f4xx_hal_uart.d" -MT"Drivers/STM32F4xx_HAL_Driver/Src/stm32f4xx_hal_uart.o" --specs=nano.specs -mfpu=fpv4-sp-d16 -mfloat-abi=hard -mthumb -o "Drivers/STM32F4xx_HAL_Driver/Src/stm32f4xx_hal_uart.o"
arm-none-eabi-gcc "../Drivers/STM32F4xx_HAL_Driver/Src/stm32f4xx_ll_adc.c" -mcpu=cortex-m4 -std=gnu11 -g3 -DDEBUG -DUSE_HAL_DRIVER -DSTM32F401xE -c -I../Core/Inc -I"C:/Users/AhmedAli/Desktop/New folder/EDGE/AdvancedConceptsProject/ThirdParty/FreeRTOS/include" -I"C:/Users/AhmedAli/Desktop/New folder/EDGE/AdvancedConceptsProject/ThirdParty/FreeRTOS/portable/GCC/ARM_CM4F" -I"C:/Users/AhmedAli/Desktop/New folder/EDGE/AdvancedConceptsProject/ThirdParty/FreeRTOS" -I../Drivers/STM32F4xx_HAL_Driver/Inc -I../Drivers/STM32F4xx_HAL_Driver/Inc/Legacy -I../Drivers/CMSIS/Device/ST/STM32F4xx/Include -I../Drivers/CMSIS/Include -I../USB_DEVICE/App -I../USB_DEVICE/Target -I../Middlewares/ST/STM32_USB_Device_Library/Core/Inc -I../Middlewares/ST/STM32_USB_Device_Library/Class/CDC/Inc -O0 -ffunction-sections -fdata-sections -Wall -fstack-usage -fcyclomatic-complexity -MMD -MP -MF"Drivers/STM32F4xx_HAL_Driver/Src/stm32f4xx_ll_adc.d" -MT"Drivers/STM32F4xx_HAL_Driver/Src/stm32f4xx_ll_adc.o" --specs=nano.specs -mfpu=fpv4-sp-d16 -mfloat-abi=hard -mthumb -o "Drivers/STM32F4xx_HAL_Driver/Src/stm32f4xx_ll_adc.o"
arm-none-eabi-gcc "../Drivers/STM32F4xx_HAL_Driver/Src/stm32f4xx_ll_usb.c" -mcpu=cortex-m4 -std=gnu11 -g3 -DDEBUG -DUSE_HAL_DRIVER -DSTM32F401xE -c -I../Core/Inc -I"C:/Users/AhmedAli/Desktop/New folder/EDGE/AdvancedConceptsProject/ThirdParty/FreeRTOS/include" -I"C:/Users/AhmedAli/Desktop/New folder/EDGE/AdvancedConceptsProject/ThirdParty/FreeRTOS/portable/GCC/ARM_CM4F" -I"C:/Users/AhmedAli/Desktop/New folder/EDGE/AdvancedConceptsProject/ThirdParty/FreeRTOS" -I../Drivers/STM32F4xx_HAL_Driver/Inc -I../Drivers/STM32F4xx_HAL_Driver/Inc/Legacy -I../Drivers/CMSIS/Device/ST/STM32F4xx/Include -I../Drivers/CMSIS/Include -I../USB_DEVICE/App -I../USB_DEVICE/Target -I../Middlewares/ST/STM32_USB_Device_Library/Core/Inc -I../Middlewares/ST/STM32_USB_Device_Library/Class/CDC/Inc -O0 -ffunction-sections -fdata-sections -Wall -fstack-usage -fcyclomatic-complexity -MMD -MP -MF"Drivers/STM32F4xx_HAL_Driver/Src/stm32f4xx_ll_usb.d" -MT"Drivers/STM32F4xx_HAL_Driver/Src/stm32f4xx_ll_usb.o" --specs=nano.specs -mfpu=fpv4-sp-d16 -mfloat-abi=hard -mthumb -o "Drivers/STM32F4xx_HAL_Driver/Src/stm32f4xx_ll_usb.o"
arm-none-eabi-gcc -mcpu=cortex-m4 -g3 -DDEBUG -c -x assembler-with-cpp -MMD -MP -MF"Core/Startup/startup_stm32f401retx.d" -MT"Core/Startup/startup_stm32f401retx.o" --specs=nano.specs -mfpu=fpv4-sp-d16 -mfloat-abi=hard -mthumb -o "Core/Startup/startup_stm32f401retx.o" "../Core/Startup/startup_stm32f401retx.s"
arm-none-eabi-gcc "../Core/Src/Utility/circular_buffer.c" -mcpu=cortex-m4 -std=gnu11 -g3 -DDEBUG -DUSE_HAL_DRIVER -DSTM32F401xE -c -I../Core/Inc -I"C:/Users/AhmedAli/Desktop/New folder/EDGE/AdvancedConceptsProject/ThirdParty/FreeRTOS/include" -I"C:/Users/AhmedAli/Desktop/New folder/EDGE/AdvancedConceptsProject/ThirdParty/FreeRTOS/portable/GCC/ARM_CM4F" -I"C:/Users/AhmedAli/Desktop/New folder/EDGE/AdvancedConceptsProject/ThirdParty/FreeRTOS" -I../Drivers/STM32F4xx_HAL_Driver/Inc -I../Drivers/STM32F4xx_HAL_Driver/Inc/Legacy -I../Drivers/CMSIS/Device/ST/STM32F4xx/Include -I../Drivers/CMSIS/Include -I../USB_DEVICE/App -I../USB_DEVICE/Target -I../Middlewares/ST/STM32_USB_Device_Library/Core/Inc -I../Middlewares/ST/STM32_USB_Device_Library/Class/CDC/Inc -O0 -ffunction-sections -fdata-sections -Wall -fstack-usage -fcyclomatic-complexity -MMD -MP -MF"Core/Src/Utility/circular_buffer.d" -MT"Core/Src/Utility/circular_buffer.o" --specs=nano.specs -mfpu=fpv4-sp-d16 -mfloat-abi=hard -mthumb -o "Core/Src/Utility/circular_buffer.o"
arm-none-eabi-gcc "../Core/Src/Utility/logging.c" -mcpu=cortex-m4 -std=gnu11 -g3 -DDEBUG -DUSE_HAL_DRIVER -DSTM32F401xE -c -I../Core/Inc -I"C:/Users/AhmedAli/Desktop/New folder/EDGE/AdvancedConceptsProject/ThirdParty/FreeRTOS/include" -I"C:/Users/AhmedAli/Desktop/New folder/EDGE/AdvancedConceptsProject/ThirdParty/FreeRTOS/portable/GCC/ARM_CM4F" -I"C:/Users/AhmedAli/Desktop/New folder/EDGE/AdvancedConceptsProject/ThirdParty/FreeRTOS" -I../Drivers/STM32F4xx_HAL_Driver/Inc -I../Drivers/STM32F4xx_HAL_Driver/Inc/Legacy -I../Drivers/CMSIS/Device/ST/STM32F4xx/Include -I../Drivers/CMSIS/Include -I../USB_DEVICE/App -I../USB_DEVICE/Target -I../Middlewares/ST/STM32_USB_Device_Library/Core/Inc -I../Middlewares/ST/STM32_USB_Device_Library/Class/CDC/Inc -O0 -ffunction-sections -fdata-sections -Wall -fstack-usage -fcyclomatic-complexity -MMD -MP -MF"Core/Src/Utility/logging.d" -MT"Core/Src/Utility/logging.o" --specs=nano.specs -mfpu=fpv4-sp-d16 -mfloat-abi=hard -mthumb -o "Core/Src/Utility/logging.o"
arm-none-eabi-gcc "../Core/Src/SensorDrivers/sht4x.c" -mcpu=cortex-m4 -std=gnu11 -g3 -DDEBUG -DUSE_HAL_DRIVER -DSTM32F401xE -c -I../Core/Inc -I"C:/Users/AhmedAli/Desktop/New folder/EDGE/AdvancedConceptsProject/ThirdParty/FreeRTOS/include" -I"C:/Users/AhmedAli/Desktop/New folder/EDGE/AdvancedConceptsProject/ThirdParty/FreeRTOS/portable/GCC/ARM_CM4F" -I"C:/Users/AhmedAli/Desktop/New folder/EDGE/AdvancedConceptsProject/ThirdParty/FreeRTOS" -I../Drivers/STM32F4xx_HAL_Driver/Inc -I../Drivers/STM32F4xx_HAL_Driver/Inc/Legacy -I../Drivers/CMSIS/Device/ST/STM32F4xx/Include -I../Drivers/CMSIS/Include -I../USB_DEVICE/App -I../USB_DEVICE/Target -I../Middlewares/ST/STM32_USB_Device_Library/Core/Inc -I../Middlewares/ST/STM32_USB_Device_Library/Class/CDC/Inc -O0 -ffunction-sections -fdata-sections -Wall -fstack-usage -fcyclomatic-complexity -MMD -MP -MF"Core/Src/SensorDrivers/sht4x.d" -MT"Core/Src/SensorDrivers/sht4x.o" --specs=nano.specs -mfpu=fpv4-sp-d16 -mfloat-abi=hard -mthumb -o "Core/Src/SensorDrivers/sht4x.o"
arm-none-eabi-gcc "../Core/Src/Platform/hardware_init.c" -mcpu=cortex-m4 -std=gnu11 -g3 -DDEBUG -DUSE_HAL_DRIVER -DSTM32F401xE -c -I../Core/Inc -I"C:/Users/AhmedAli/Desktop/New folder/EDGE/AdvancedConceptsProject/ThirdParty/FreeRTOS/include" -I"C:/Users/AhmedAli/Desktop/New folder/EDGE/AdvancedConceptsProject/ThirdParty/FreeRTOS/portable/GCC/ARM_CM4F" -I"C:/Users/AhmedAli/Desktop/New folder/EDGE/AdvancedConceptsProject/ThirdParty/FreeRTOS" -I../Drivers/STM32F4xx_HAL_Driver/Inc -I../Drivers/STM32F4xx_HAL_Driver/Inc/Legacy -I../Drivers/CMSIS/Device/ST/STM32F4xx/Include -I../Drivers/CMSIS/Include -I../USB_DEVICE/App -I../USB_DEVICE/Target -I../Middlewares/ST/STM32_USB_Device_Library/Core/Inc -I../Middlewares/ST/STM32_USB_Device_Library/Class/CDC/Inc -O0 -ffunction-sections -fdata-sections -Wall -fstack-usage -fcyclomatic-complexity -MMD -MP -MF"Core/Src/Platform/hardware_init.d" -MT"Core/Src/Platform/hardware_init.o" --specs=nano.specs -mfpu=fpv4-sp-d16 -mfloat-abi=hard -mthumb -o "Core/Src/Platform/hardware_init.o"
arm-none-eabi-gcc "../Core/Src/Platform/stm32f4xx_hal_msp.c" -mcpu=cortex-m4 -std=gnu11 -g3 -DDEBUG -DUSE_HAL_DRIVER -DSTM32F401xE -c -I../Core/Inc -I"C:/Users/AhmedAli/Desktop/New folder/EDGE/AdvancedConceptsProject/ThirdParty/FreeRTOS/include" -I"C:/Users/AhmedAli/Desktop/New folder/EDGE/AdvancedConceptsProject/ThirdParty/FreeRTOS/portable/GCC/ARM_CM4F" -I"C:/Users/AhmedAli/Desktop/New folder/EDGE/AdvancedConceptsProject/ThirdParty/FreeRTOS" -I../Drivers/STM32F4xx_HAL_Driver/Inc -I../Drivers/STM32F4xx_HAL_Driver/Inc/Legacy -I../Drivers/CMSIS/Device/ST/STM32F4xx/Include -I../Drivers/CMSIS/Include -I../USB_DEVICE/App -I../USB_DEVICE/Target -I../Middlewares/ST/STM32_USB_Device_Library/Core/Inc -I../Middlewares/ST/STM32_USB_Device_Library/Class/CDC/Inc -O0 -ffunction-sections -fdata-sections -Wall -fstack-usage -fcyclomatic-complexity -MMD -MP -MF"Core/Src/Platform/stm32f4xx_hal_msp.d" -MT"Core/Src/Platform/stm32f4xx_hal_msp.o" --specs=nano.specs -mfpu=fpv4-sp-d16 -mfloat-abi=hard -mthumb -o "Core/Src/Platform/stm32f4xx_hal_msp.o"
arm-none-eabi-gcc "../Core/Src/Platform/stm32f4xx_hal_timebase_tim.c" -mcpu=cortex-m4 -std=gnu11 -g3 -DDEBUG -DUSE_HAL_DRIVER -DSTM32F401xE -c -I../Core/Inc -I"C:/Users/AhmedAli/Desktop/New folder/EDGE/AdvancedConceptsProject/ThirdParty/FreeRTOS/include" -I"C:/Users/AhmedAli/Desktop/New folder/EDGE/AdvancedConceptsProject/ThirdParty/FreeRTOS/portable/GCC/ARM_CM4F" -I"C:/Users/AhmedAli/Desktop/New folder/EDGE/AdvancedConceptsProject/ThirdParty/FreeRTOS" -I../Drivers/STM32F4xx_HAL_Driver/Inc -I../Drivers/STM32F4xx_HAL_Driver/Inc/Legacy -I../Drivers/CMSIS/Device/ST/STM32F4xx/Include -I../Drivers/CMSIS/Include -I../USB_DEVICE/App -I../USB_DEVICE/Target -I../Middlewares/ST/STM32_USB_Device_Library/Core/Inc -I../Middlewares/ST/STM32_USB_Device_Library/Class/CDC/Inc -O0 -ffunction-sections -fdata-sections -Wall -fstack-usage -fcyclomatic-complexity -MMD -MP -MF"Core/Src/Platform/stm32f4xx_hal_timebase_tim.d" -MT"Core/Src/Platform/stm32f4xx_hal_timebase_tim.o" --specs=nano.specs -mfpu=fpv4-sp-d16 -mfloat-abi=hard -mthumb -o "Core/Src/Platform/stm32f4xx_hal_timebase_tim.o"
arm-none-eabi-gcc "../Core/Src/Platform/syscalls.c" -mcpu=cortex-m4 -std=gnu11 -g3 -DDEBUG -DUSE_HAL_DRIVER -DSTM32F401xE -c -I../Core/Inc -I"C:/Users/AhmedAli/Desktop/New folder/EDGE/AdvancedConceptsProject/ThirdParty/FreeRTOS/include" -I"C:/Users/AhmedAli/Desktop/New folder/EDGE/AdvancedConceptsProject/ThirdParty/FreeRTOS/portable/GCC/ARM_CM4F" -I"C:/Users/AhmedAli/Desktop/New folder/EDGE/AdvancedConceptsProject/ThirdParty/FreeRTOS" -I../Drivers/STM32F4xx_HAL_Driver/Inc -I../Drivers/STM32F4xx_HAL_Driver/Inc/Legacy -I../Drivers/CMSIS/Device/ST/STM32F4xx/Include -I../Drivers/CMSIS/Include -I../USB_DEVICE/App -I../USB_DEVICE/Target -I../Middlewares/ST/STM32_USB_Device_Library/Core/Inc -I../Middlewares/ST/STM32_USB_Device_Library/Class/CDC/Inc -O0 -ffunction-sections -fdata-sections -Wall -fstack-usage -fcyclomatic-complexity -MMD -MP -MF"Core/Src/Platform/syscalls.d" -MT"Core/Src/Platform/syscalls.o" --specs=nano.specs -mfpu=fpv4-sp-d16 -mfloat-abi=hard -mthumb -o "Core/Src/Platform/syscalls.o"
arm-none-eabi-gcc "../Core/Src/Platform/system_stm32f4xx.c" -mcpu=cortex-m4 -std=gnu11 -g3 -DDEBUG -DUSE_HAL_DRIVER -DSTM32F401xE -c -I../Core/Inc -I"C:/Users/AhmedAli/Desktop/New folder/EDGE/AdvancedConceptsProject/ThirdParty/FreeRTOS/include" -I"C:/Users/AhmedAli/Desktop/New folder/EDGE/AdvancedConceptsProject/ThirdParty/FreeRTOS/portable/GCC/ARM_CM4F" -I"C:/Users/AhmedAli/Desktop/New folder/EDGE/AdvancedConceptsProject/ThirdParty/FreeRTOS" -I../Drivers/STM32F4xx_HAL_Driver/Inc -I../Drivers/STM32F4xx_HAL_Driver/Inc/Legacy -I../Drivers/CMSIS/Device/ST/STM32F4xx/Include -I../Drivers/CMSIS/Include -I../USB_DEVICE/App -I../USB_DEVICE/Target -I../Middlewares/ST/STM32_USB_Device_Library/Core/Inc -I../Middlewares/ST/STM32_USB_Device_Library/Class/CDC/Inc -O0 -ffunction-sections -fdata-sections -Wall -fstack-usage -fcyclomatic-complexity -MMD -MP -MF"Core/Src/Platform/system_stm32f4xx.d" -MT"Core/Src/Platform/system_stm32f4xx.o" --specs=nano.specs -mfpu=fpv4-sp-d16 -mfloat-abi=hard -mthumb -o "Core/Src/Platform/system_stm32f4xx.o"
arm-none-eabi-gcc "../Core/Src/interrupt_handlers.c" -mcpu=cortex-m4 -std=gnu11 -g3 -DDEBUG -DUSE_HAL_DRIVER -DSTM32F401xE -c -I../Core/Inc -I"C:/Users/AhmedAli/Desktop/New folder/EDGE/AdvancedConceptsProject/ThirdParty/FreeRTOS/include" -I"C:/Users/AhmedAli/Desktop/New folder/EDGE/AdvancedConceptsProject/ThirdParty/FreeRTOS/portable/GCC/ARM_CM4F" -I"C:/Users/AhmedAli/Desktop/New folder/EDGE/AdvancedConceptsProject/ThirdParty/FreeRTOS" -I../Drivers/STM32F4xx_HAL_Driver/Inc -I../Drivers/STM32F4xx_HAL_Driver/Inc/Legacy -I../Drivers/CMSIS/Device/ST/STM32F4xx/Include -I../Drivers/CMSIS/Include -I../USB_DEVICE/App -I../USB_DEVICE/Target -I../Middlewares/ST/STM32_USB_Device_Library/Core/Inc -I../Middlewares/ST/STM32_USB_Device_Library/Class/CDC/Inc -O0 -ffunction-sections -fdata-sections -Wall -fstack-usage -fcyclomatic-complexity -MMD -MP -MF"Core/Src/interrupt_handlers.d" -MT"Core/Src/interrupt_handlers.o" --specs=nano.specs -mfpu=fpv4-sp-d16 -mfloat-abi=hard -mthumb -o "Core/Src/interrupt_handlers.o"
arm-none-eabi-gcc "../Core/Src/main_app.c" -mcpu=cortex-m4 -std=gnu11 -g3 -DDEBUG -DUSE_HAL_DRIVER -DSTM32F401xE -c -I../Core/Inc -I"C:/Users/AhmedAli/Desktop/New folder/EDGE/AdvancedConceptsProject/ThirdParty/FreeRTOS/include" -I"C:/Users/AhmedAli/Desktop/New folder/EDGE/AdvancedConceptsProject/ThirdParty/FreeRTOS/portable/GCC/ARM_CM4F" -I"C:/Users/AhmedAli/Desktop/New folder/EDGE/AdvancedConceptsProject/ThirdParty/FreeRTOS" -I../Drivers/STM32F4xx_HAL_Driver/Inc -I../Drivers/STM32F4xx_HAL_Driver/Inc/Legacy -I../Drivers/CMSIS/Device/ST/STM32F4xx/Include -I../Drivers/CMSIS/Include -I../USB_DEVICE/App -I../USB_DEVICE/Target -I../Middlewares/ST/STM32_USB_Device_Library/Core/Inc -I../Middlewares/ST/STM32_USB_Device_Library/Class/CDC/Inc -O0 -ffunction-sections -fdata-sections -Wall -fstack-usage -fcyclomatic-complexity -MMD -MP -MF"Core/Src/main_app.d" -MT"Core/Src/main_app.o" --specs=nano.specs -mfpu=fpv4-sp-d16 -mfloat-abi=hard -mthumb -o "Core/Src/main_app.o"
arm-none-eabi-gcc -o "AdvancedConceptsProject.elf" @"objects.list"   -mcpu=cortex-m4 -T"C:\Users\AhmedAli\Desktop\New folder\EDGE\AdvancedConceptsProject\STM32F401RETX_FLASH.ld" --specs=nosys.specs -Wl,-Map="AdvancedConceptsProject.map" -Wl,--gc-sections -static -u _printf_float --specs=nano.specs -mfpu=fpv4-sp-d16 -mfloat-abi=hard -mthumb -Wl,--start-group -lc -lm -Wl,--end-group
Finished building target: AdvancedConceptsProject.elf
 
arm-none-eabi-size  AdvancedConceptsProject.elf 
arm-none-eabi-objdump -h -S AdvancedConceptsProject.elf  > "AdvancedConceptsProject.list"
   text	   data	    bss	    dec	    hex	filename
  83780	    716	  30644	 115140	  1c1c4	AdvancedConceptsProject.elf
Finished building: default.size.stdout
 
Finished building: AdvancedConceptsProject.list
 
11:30:35 **** Incremental Build of configuration Debug for project AdvancedConceptsProject ****
make -j16 all 
arm-none-eabi-size  AdvancedConceptsProject.elf 
   text	   data	    bss	    dec	    hex	filename
  83780	    716	  30644	 115140	  1c1c4	AdvancedConceptsProject.elf
Finished building: default.size.stdout
 
